2026-09-07 17:29:17,611 | INFO    | ============================================================
2026-09-07 17:29:17,613 | INFO    | STARTING PRAC1_WIGGLES_EX2C
2026-09-07 17:29:17,613 | INFO    | ============================================================
2026-09-07 17:29:17,613 | INFO    | Log file: results\prac1_wiggles_ex2c\logs\prac1_wiggles_ex2c_20260907_172917.log
2026-09-07 17:29:17,613 | INFO    | Starting simulation
2026-09-07 17:29:17,614 | INFO    | Critical cell Peclet criterion: Pe_h <= 2
2026-09-07 17:29:17,614 | INFO    | Theoretical critical N = 250000
2026-09-07 17:29:17,635 | INFO    | Running case N = 5000
2026-09-07 17:29:17,635 | INFO    | Discretization scheme: central_scheme_1d
2026-09-07 17:29:17,635 | INFO    | Assembling convection-diffusion system (4999 internal nodes)
2026-09-07 17:29:17,635 | INFO    | Solving tridiagonal system using TDMA
2026-09-07 17:29:17,635 | INFO    | Solution assembled (5001 total nodes)
2026-09-07 17:29:17,635 | INFO    | Convection-diffusion solution completed
2026-09-07 17:29:17,635 | INFO    | N = 5000 | dx = 2.000000e-03 | Pe_h = 100.000
2026-09-07 17:29:17,649 | INFO    | Running case N = 10000
2026-09-07 17:29:17,649 | INFO    | Discretization scheme: central_scheme_1d
2026-09-07 17:29:17,649 | INFO    | Assembling convection-diffusion system (9999 internal nodes)
2026-09-07 17:29:17,649 | INFO    | Solving tridiagonal system using TDMA
2026-09-07 17:29:17,649 | INFO    | Solution assembled (10001 total nodes)
2026-09-07 17:29:17,649 | INFO    | Convection-diffusion solution completed
2026-09-07 17:29:17,649 | INFO    | N = 10000 | dx = 1.000000e-03 | Pe_h = 50.000
2026-09-07 17:29:17,649 | INFO    | Running case N = 25000
2026-09-07 17:29:17,649 | INFO    | Discretization scheme: central_scheme_1d
2026-09-07 17:29:17,649 | INFO    | Assembling convection-diffusion system (24999 internal nodes)
2026-09-07 17:29:17,649 | INFO    | Solving tridiagonal system using TDMA
2026-09-07 17:29:17,649 | INFO    | Solution assembled (25001 total nodes)
2026-09-07 17:29:17,649 | INFO    | Convection-diffusion solution completed
2026-09-07 17:29:17,649 | INFO    | N = 25000 | dx = 4.000000e-04 | Pe_h = 20.000
2026-09-07 17:29:17,649 | INFO    | Running case N = 50000
2026-09-07 17:29:17,649 | INFO    | Discretization scheme: central_scheme_1d
2026-09-07 17:29:17,649 | INFO    | Assembling convection-diffusion system (49999 internal nodes)
2026-09-07 17:29:17,665 | INFO    | Solving tridiagonal system using TDMA
2026-09-07 17:29:17,666 | INFO    | Solution assembled (50001 total nodes)
2026-09-07 17:29:17,666 | INFO    | Convection-diffusion solution completed
2026-09-07 17:29:17,667 | INFO    | N = 50000 | dx = 2.000000e-04 | Pe_h = 10.000
2026-09-07 17:29:17,669 | INFO    | Running case N = 100000
2026-09-07 17:29:17,670 | INFO    | Discretization scheme: central_scheme_1d
2026-09-07 17:29:17,670 | INFO    | Assembling convection-diffusion system (99999 internal nodes)
2026-09-07 17:29:17,670 | INFO    | Solving tridiagonal system using TDMA
2026-09-07 17:29:17,670 | INFO    | Solution assembled (100001 total nodes)
2026-09-07 17:29:17,670 | INFO    | Convection-diffusion solution completed
2026-09-07 17:29:17,670 | INFO    | N = 100000 | dx = 1.000000e-04 | Pe_h = 5.000
2026-09-07 17:29:17,670 | INFO    | Running case N = 200000
2026-09-07 17:29:17,670 | INFO    | Discretization scheme: central_scheme_1d
2026-09-07 17:29:17,686 | INFO    | Assembling convection-diffusion system (199999 internal nodes)
2026-09-07 17:29:17,686 | INFO    | Solving tridiagonal system using TDMA
2026-09-07 17:29:17,704 | INFO    | Solution assembled (200001 total nodes)
2026-09-07 17:29:17,704 | INFO    | Convection-diffusion solution completed
2026-09-07 17:29:17,705 | INFO    | N = 200000 | dx = 5.000000e-05 | Pe_h = 2.500
2026-09-07 17:29:17,707 | INFO    | Running case N = 225000
2026-09-07 17:29:17,709 | INFO    | Discretization scheme: central_scheme_1d
2026-09-07 17:29:17,709 | INFO    | Assembling convection-diffusion system (224999 internal nodes)
2026-09-07 17:29:17,725 | INFO    | Solving tridiagonal system using TDMA
2026-09-07 17:29:17,728 | INFO    | Solution assembled (225001 total nodes)
2026-09-07 17:29:17,728 | INFO    | Convection-diffusion solution completed
2026-09-07 17:29:17,728 | INFO    | N = 225000 | dx = 4.444444e-05 | Pe_h = 2.222
2026-09-07 17:29:17,728 | INFO    | Running case N = 250000
2026-09-07 17:29:17,736 | INFO    | Discretization scheme: central_scheme_1d
2026-09-07 17:29:17,736 | INFO    | Assembling convection-diffusion system (249999 internal nodes)
2026-09-07 17:29:17,754 | INFO    | Solving tridiagonal system using TDMA
2026-09-07 17:29:17,761 | INFO    | Solution assembled (250001 total nodes)
2026-09-07 17:29:17,761 | INFO    | Convection-diffusion solution completed
2026-09-07 17:29:17,762 | INFO    | N = 250000 | dx = 4.000000e-05 | Pe_h = 2.000
2026-09-07 17:29:17,765 | INFO    | Running case N = 500000
2026-09-07 17:29:17,768 | INFO    | Discretization scheme: central_scheme_1d
2026-09-07 17:29:17,769 | INFO    | Assembling convection-diffusion system (499999 internal nodes)
2026-09-07 17:29:17,801 | INFO    | Solving tridiagonal system using TDMA
2026-09-07 17:29:17,801 | INFO    | Solution assembled (500001 total nodes)
2026-09-07 17:29:17,801 | INFO    | Convection-diffusion solution completed
2026-09-07 17:29:17,801 | INFO    | N = 500000 | dx = 2.000000e-05 | Pe_h = 1.000
2026-09-07 17:29:17,816 | INFO    | Running case N = 1000000
2026-09-07 17:29:17,816 | INFO    | Discretization scheme: central_scheme_1d
2026-09-07 17:29:17,816 | INFO    | Assembling convection-diffusion system (999999 internal nodes)
2026-09-07 17:29:17,879 | INFO    | Solving tridiagonal system using TDMA
2026-09-07 17:29:17,906 | INFO    | Solution assembled (1000001 total nodes)
2026-09-07 17:29:17,906 | INFO    | Convection-diffusion solution completed
2026-09-07 17:29:17,908 | INFO    | N = 1000000 | dx = 1.000000e-05 | Pe_h = 0.500
2026-09-07 17:29:18,659 | INFO    | Solution figure saved
2026-09-07 17:29:18,703 | INFO    | Average slope before Pe_h=2 : -1.910
2026-09-07 17:29:18,703 | INFO    | Average slope after  Pe_h=2 : -2.090
2026-09-07 17:29:18,704 | INFO    | First slope near -2 at N = 10000 (slope = -1.951)
2026-09-07 17:29:19,125 | INFO    | Error convergence figure saved
2026-09-07 17:29:19,128 | INFO    | Data saved
2026-09-07 17:29:19,128 | INFO    | Successful cases = 10/10
2026-09-07 17:29:19,129 | INFO    | Simulation completed successfully
2026-09-07 17:29:19,129 | INFO    | ============================================================
2026-09-07 17:29:19,129 | INFO    | PRAC1_WIGGLES_EX2C FINISHED
2026-09-07 17:29:19,129 | INFO    | ============================================================
