2026-09-07 17:22:18,157 | INFO    | ============================================================
2026-09-07 17:22:18,157 | INFO    | STARTING PRAC1_WIGGLES_EX2C
2026-09-07 17:22:18,157 | INFO    | ============================================================
2026-09-07 17:22:18,158 | INFO    | Log file: results\prac1_wiggles_ex2c\logs\prac1_wiggles_ex2c_20260907_172218.log
2026-09-07 17:22:18,158 | INFO    | Starting simulation
2026-09-07 17:22:18,158 | INFO    | Critical cell Peclet criterion: Pe_h <= 2
2026-09-07 17:22:18,158 | INFO    | Theoretical critical N = 250000
2026-09-07 17:22:18,176 | INFO    | Running case N = 5000
2026-09-07 17:22:18,178 | INFO    | Discretization scheme: central_scheme_1d
2026-09-07 17:22:18,179 | INFO    | Assembling convection-diffusion system (4999 internal nodes)
2026-09-07 17:22:18,180 | INFO    | Solving tridiagonal system using TDMA
2026-09-07 17:22:18,181 | INFO    | Solution assembled (5001 total nodes)
2026-09-07 17:22:18,181 | INFO    | Convection-diffusion solution completed
2026-09-07 17:22:18,181 | INFO    | N = 5000 | dx = 2.000000e-03 | Pe_h = 100.000
2026-09-07 17:22:18,185 | INFO    | Running case N = 10000
2026-09-07 17:22:18,185 | INFO    | Discretization scheme: central_scheme_1d
2026-09-07 17:22:18,186 | INFO    | Assembling convection-diffusion system (9999 internal nodes)
2026-09-07 17:22:18,186 | INFO    | Solving tridiagonal system using TDMA
2026-09-07 17:22:18,187 | INFO    | Solution assembled (10001 total nodes)
2026-09-07 17:22:18,187 | INFO    | Convection-diffusion solution completed
2026-09-07 17:22:18,187 | INFO    | N = 10000 | dx = 1.000000e-03 | Pe_h = 50.000
2026-09-07 17:22:18,187 | INFO    | Running case N = 25000
2026-09-07 17:22:18,187 | INFO    | Discretization scheme: central_scheme_1d
2026-09-07 17:22:18,187 | INFO    | Assembling convection-diffusion system (24999 internal nodes)
2026-09-07 17:22:18,187 | INFO    | Solving tridiagonal system using TDMA
2026-09-07 17:22:18,187 | INFO    | Solution assembled (25001 total nodes)
2026-09-07 17:22:18,187 | INFO    | Convection-diffusion solution completed
2026-09-07 17:22:18,187 | INFO    | N = 25000 | dx = 4.000000e-04 | Pe_h = 20.000
2026-09-07 17:22:18,187 | INFO    | Running case N = 50000
2026-09-07 17:22:18,187 | INFO    | Discretization scheme: central_scheme_1d
2026-09-07 17:22:18,187 | INFO    | Assembling convection-diffusion system (49999 internal nodes)
2026-09-07 17:22:18,187 | INFO    | Solving tridiagonal system using TDMA
2026-09-07 17:22:18,187 | INFO    | Solution assembled (50001 total nodes)
2026-09-07 17:22:18,187 | INFO    | Convection-diffusion solution completed
2026-09-07 17:22:18,187 | INFO    | N = 50000 | dx = 2.000000e-04 | Pe_h = 10.000
2026-09-07 17:22:18,203 | INFO    | Running case N = 100000
2026-09-07 17:22:18,203 | INFO    | Discretization scheme: central_scheme_1d
2026-09-07 17:22:18,203 | INFO    | Assembling convection-diffusion system (99999 internal nodes)
2026-09-07 17:22:18,203 | INFO    | Solving tridiagonal system using TDMA
2026-09-07 17:22:18,203 | INFO    | Solution assembled (100001 total nodes)
2026-09-07 17:22:18,203 | INFO    | Convection-diffusion solution completed
2026-09-07 17:22:18,203 | INFO    | N = 100000 | dx = 1.000000e-04 | Pe_h = 5.000
2026-09-07 17:22:18,203 | INFO    | Running case N = 200000
2026-09-07 17:22:18,219 | INFO    | Discretization scheme: central_scheme_1d
2026-09-07 17:22:18,219 | INFO    | Assembling convection-diffusion system (199999 internal nodes)
2026-09-07 17:22:18,219 | INFO    | Solving tridiagonal system using TDMA
2026-09-07 17:22:18,237 | INFO    | Solution assembled (200001 total nodes)
2026-09-07 17:22:18,237 | INFO    | Convection-diffusion solution completed
2026-09-07 17:22:18,238 | INFO    | N = 200000 | dx = 5.000000e-05 | Pe_h = 2.500
2026-09-07 17:22:18,240 | INFO    | Running case N = 225000
2026-09-07 17:22:18,241 | INFO    | Discretization scheme: central_scheme_1d
2026-09-07 17:22:18,242 | INFO    | Assembling convection-diffusion system (224999 internal nodes)
2026-09-07 17:22:18,257 | INFO    | Solving tridiagonal system using TDMA
2026-09-07 17:22:18,264 | INFO    | Solution assembled (225001 total nodes)
2026-09-07 17:22:18,264 | INFO    | Convection-diffusion solution completed
2026-09-07 17:22:18,265 | INFO    | N = 225000 | dx = 4.444444e-05 | Pe_h = 2.222
2026-09-07 17:22:18,269 | INFO    | Running case N = 250000
2026-09-07 17:22:18,270 | INFO    | Discretization scheme: central_scheme_1d
2026-09-07 17:22:18,271 | INFO    | Assembling convection-diffusion system (249999 internal nodes)
2026-09-07 17:22:18,291 | INFO    | Solving tridiagonal system using TDMA
2026-09-07 17:22:18,298 | INFO    | Solution assembled (250001 total nodes)
2026-09-07 17:22:18,298 | INFO    | Convection-diffusion solution completed
2026-09-07 17:22:18,299 | INFO    | N = 250000 | dx = 4.000000e-05 | Pe_h = 2.000
2026-09-07 17:22:18,301 | INFO    | Running case N = 500000
2026-09-07 17:22:18,305 | INFO    | Discretization scheme: central_scheme_1d
2026-09-07 17:22:18,305 | INFO    | Assembling convection-diffusion system (499999 internal nodes)
2026-09-07 17:22:18,325 | INFO    | Solving tridiagonal system using TDMA
2026-09-07 17:22:18,340 | INFO    | Solution assembled (500001 total nodes)
2026-09-07 17:22:18,340 | INFO    | Convection-diffusion solution completed
2026-09-07 17:22:18,356 | INFO    | N = 500000 | dx = 2.000000e-05 | Pe_h = 1.000
2026-09-07 17:22:18,359 | INFO    | Running case N = 1000000
2026-09-07 17:22:18,361 | INFO    | Discretization scheme: central_scheme_1d
2026-09-07 17:22:18,365 | INFO    | Assembling convection-diffusion system (999999 internal nodes)
2026-09-07 17:22:18,430 | INFO    | Solving tridiagonal system using TDMA
2026-09-07 17:22:18,460 | INFO    | Solution assembled (1000001 total nodes)
2026-09-07 17:22:18,462 | INFO    | Convection-diffusion solution completed
2026-09-07 17:22:18,466 | INFO    | N = 1000000 | dx = 1.000000e-05 | Pe_h = 0.500
2026-09-07 17:22:19,099 | INFO    | Solution figure saved
2026-09-07 17:22:19,117 | INFO    | Average slope before Pe_h=2 : -1.513
2026-09-07 17:22:19,118 | INFO    | Average slope after Pe_h=2 : -2.092
2026-09-07 17:22:19,478 | INFO    | Data saved
2026-09-07 17:22:19,480 | INFO    | Successful cases = 10/10
2026-09-07 17:22:19,480 | INFO    | Simulation completed successfully
2026-09-07 17:22:19,480 | INFO    | ============================================================
2026-09-07 17:22:19,480 | INFO    | PRAC1_WIGGLES_EX2C FINISHED
2026-09-07 17:22:19,480 | INFO    | ============================================================
