2026-09-07 15:42:03,247 | INFO    | ============================================================
2026-09-07 15:42:03,248 | INFO    | STARTING PRAC1_WIGGLES_EX2C
2026-09-07 15:42:03,248 | INFO    | ============================================================
2026-09-07 15:42:03,248 | INFO    | Log file: results\prac1_wiggles_ex2c\logs\prac1_wiggles_ex2c_20260907_154203.log
2026-09-07 15:42:03,248 | INFO    | Starting simulation
2026-09-07 15:42:03,248 | INFO    | Critical cell Peclet criterion: Pe_h <= 2
2026-09-07 15:42:03,249 | INFO    | Theoretical critical N = 250000
2026-09-07 15:42:03,266 | INFO    | Running case N = 5000
2026-09-07 15:42:03,266 | INFO    | Discretization scheme: central_scheme_1d
2026-09-07 15:42:03,267 | INFO    | Assembling convection-diffusion system (4999 internal nodes)
2026-09-07 15:42:03,267 | INFO    | Solving tridiagonal system using TDMA
2026-09-07 15:42:03,267 | INFO    | Solution assembled (5001 total nodes)
2026-09-07 15:42:03,268 | INFO    | Convection-diffusion solution completed
2026-09-07 15:42:03,268 | INFO    | N = 5000 | dx = 2.000000e-03 | Pe_h = 100.000
2026-09-07 15:42:03,271 | INFO    | Running case N = 10000
2026-09-07 15:42:03,272 | INFO    | Discretization scheme: central_scheme_1d
2026-09-07 15:42:03,272 | INFO    | Assembling convection-diffusion system (9999 internal nodes)
2026-09-07 15:42:03,272 | INFO    | Solving tridiagonal system using TDMA
2026-09-07 15:42:03,273 | INFO    | Solution assembled (10001 total nodes)
2026-09-07 15:42:03,273 | INFO    | Convection-diffusion solution completed
2026-09-07 15:42:03,273 | INFO    | N = 10000 | dx = 1.000000e-03 | Pe_h = 50.000
2026-09-07 15:42:03,275 | INFO    | Running case N = 25000
2026-09-07 15:42:03,275 | INFO    | Discretization scheme: central_scheme_1d
2026-09-07 15:42:03,275 | INFO    | Assembling convection-diffusion system (24999 internal nodes)
2026-09-07 15:42:03,277 | INFO    | Solving tridiagonal system using TDMA
2026-09-07 15:42:03,277 | INFO    | Solution assembled (25001 total nodes)
2026-09-07 15:42:03,278 | INFO    | Convection-diffusion solution completed
2026-09-07 15:42:03,278 | INFO    | N = 25000 | dx = 4.000000e-04 | Pe_h = 20.000
2026-09-07 15:42:03,280 | INFO    | Running case N = 50000
2026-09-07 15:42:03,280 | INFO    | Discretization scheme: central_scheme_1d
2026-09-07 15:42:03,280 | INFO    | Assembling convection-diffusion system (49999 internal nodes)
2026-09-07 15:42:03,283 | INFO    | Solving tridiagonal system using TDMA
2026-09-07 15:42:03,285 | INFO    | Solution assembled (50001 total nodes)
2026-09-07 15:42:03,285 | INFO    | Convection-diffusion solution completed
2026-09-07 15:42:03,285 | INFO    | N = 50000 | dx = 2.000000e-04 | Pe_h = 10.000
2026-09-07 15:42:03,288 | INFO    | Running case N = 100000
2026-09-07 15:42:03,289 | INFO    | Discretization scheme: central_scheme_1d
2026-09-07 15:42:03,289 | INFO    | Assembling convection-diffusion system (99999 internal nodes)
2026-09-07 15:42:03,296 | INFO    | Solving tridiagonal system using TDMA
2026-09-07 15:42:03,299 | INFO    | Solution assembled (100001 total nodes)
2026-09-07 15:42:03,299 | INFO    | Convection-diffusion solution completed
2026-09-07 15:42:03,300 | INFO    | N = 100000 | dx = 1.000000e-04 | Pe_h = 5.000
2026-09-07 15:42:03,303 | INFO    | Running case N = 200000
2026-09-07 15:42:03,305 | INFO    | Discretization scheme: central_scheme_1d
2026-09-07 15:42:03,305 | INFO    | Assembling convection-diffusion system (199999 internal nodes)
2026-09-07 15:42:03,312 | INFO    | Solving tridiagonal system using TDMA
2026-09-07 15:42:03,312 | INFO    | Solution assembled (200001 total nodes)
2026-09-07 15:42:03,312 | INFO    | Convection-diffusion solution completed
2026-09-07 15:42:03,312 | INFO    | N = 200000 | dx = 5.000000e-05 | Pe_h = 2.500
2026-09-07 15:42:03,312 | INFO    | Running case N = 225000
2026-09-07 15:42:03,327 | INFO    | Discretization scheme: central_scheme_1d
2026-09-07 15:42:03,327 | INFO    | Assembling convection-diffusion system (224999 internal nodes)
2026-09-07 15:42:03,327 | INFO    | Solving tridiagonal system using TDMA
2026-09-07 15:42:03,348 | INFO    | Solution assembled (225001 total nodes)
2026-09-07 15:42:03,348 | INFO    | Convection-diffusion solution completed
2026-09-07 15:42:03,349 | INFO    | N = 225000 | dx = 4.444444e-05 | Pe_h = 2.222
2026-09-07 15:42:03,352 | INFO    | Running case N = 250000
2026-09-07 15:42:03,353 | INFO    | Discretization scheme: central_scheme_1d
2026-09-07 15:42:03,354 | INFO    | Assembling convection-diffusion system (249999 internal nodes)
2026-09-07 15:42:03,370 | INFO    | Solving tridiagonal system using TDMA
2026-09-07 15:42:03,378 | INFO    | Solution assembled (250001 total nodes)
2026-09-07 15:42:03,378 | INFO    | Convection-diffusion solution completed
2026-09-07 15:42:03,379 | INFO    | N = 250000 | dx = 4.000000e-05 | Pe_h = 2.000
2026-09-07 15:42:03,384 | INFO    | Running case N = 500000
2026-09-07 15:42:03,387 | INFO    | Discretization scheme: central_scheme_1d
2026-09-07 15:42:03,387 | INFO    | Assembling convection-diffusion system (499999 internal nodes)
2026-09-07 15:42:03,420 | INFO    | Solving tridiagonal system using TDMA
2026-09-07 15:42:03,433 | INFO    | Solution assembled (500001 total nodes)
2026-09-07 15:42:03,433 | INFO    | Convection-diffusion solution completed
2026-09-07 15:42:03,434 | INFO    | N = 500000 | dx = 2.000000e-05 | Pe_h = 1.000
2026-09-07 15:42:03,437 | INFO    | Running case N = 1000000
2026-09-07 15:42:03,441 | INFO    | Discretization scheme: central_scheme_1d
2026-09-07 15:42:03,441 | INFO    | Assembling convection-diffusion system (999999 internal nodes)
2026-09-07 15:42:03,501 | INFO    | Solving tridiagonal system using TDMA
2026-09-07 15:42:03,527 | INFO    | Solution assembled (1000001 total nodes)
2026-09-07 15:42:03,527 | INFO    | Convection-diffusion solution completed
2026-09-07 15:42:03,527 | INFO    | N = 1000000 | dx = 1.000000e-05 | Pe_h = 0.500
2026-09-07 15:42:04,115 | INFO    | Solution figure saved
2026-09-07 15:42:04,153 | INFO    | Average slope before Pe_h=2 : -1.910
2026-09-07 15:42:04,153 | INFO    | Average slope after  Pe_h=2 : -2.090
2026-09-07 15:42:04,154 | INFO    | First slope near -2 at N = 10000 (slope = -1.951)
2026-09-07 15:42:04,546 | INFO    | Error convergence figure saved
2026-09-07 15:42:04,549 | INFO    | Data saved
2026-09-07 15:42:04,550 | INFO    | Successful cases = 10/10
2026-09-07 15:42:04,551 | INFO    | Simulation completed successfully
2026-09-07 15:42:04,551 | INFO    | ============================================================
2026-09-07 15:42:04,552 | INFO    | PRAC1_WIGGLES_EX2C FINISHED
2026-09-07 15:42:04,552 | INFO    | ============================================================
