2026-09-07 17:26:37,359 | INFO    | ============================================================
2026-09-07 17:26:37,359 | INFO    | STARTING PRAC1_WIGGLES_EX2C
2026-09-07 17:26:37,359 | INFO    | ============================================================
2026-09-07 17:26:37,360 | INFO    | Log file: results\prac1_wiggles_ex2c\logs\prac1_wiggles_ex2c_20260907_172637.log
2026-09-07 17:26:37,360 | INFO    | Starting simulation
2026-09-07 17:26:37,360 | INFO    | Critical cell Peclet criterion: Pe_h <= 2
2026-09-07 17:26:37,360 | INFO    | Theoretical critical N = 250000
2026-09-07 17:26:37,379 | INFO    | Running case N = 5000
2026-09-07 17:26:37,380 | INFO    | Discretization scheme: central_scheme_1d
2026-09-07 17:26:37,380 | INFO    | Assembling convection-diffusion system (4999 internal nodes)
2026-09-07 17:26:37,381 | INFO    | Solving tridiagonal system using TDMA
2026-09-07 17:26:37,381 | INFO    | Solution assembled (5001 total nodes)
2026-09-07 17:26:37,381 | INFO    | Convection-diffusion solution completed
2026-09-07 17:26:37,382 | INFO    | N = 5000 | dx = 2.000000e-03 | Pe_h = 100.000
2026-09-07 17:26:37,385 | INFO    | Running case N = 10000
2026-09-07 17:26:37,385 | INFO    | Discretization scheme: central_scheme_1d
2026-09-07 17:26:37,385 | INFO    | Assembling convection-diffusion system (9999 internal nodes)
2026-09-07 17:26:37,386 | INFO    | Solving tridiagonal system using TDMA
2026-09-07 17:26:37,386 | INFO    | Solution assembled (10001 total nodes)
2026-09-07 17:26:37,386 | INFO    | Convection-diffusion solution completed
2026-09-07 17:26:37,387 | INFO    | N = 10000 | dx = 1.000000e-03 | Pe_h = 50.000
2026-09-07 17:26:37,387 | INFO    | Running case N = 25000
2026-09-07 17:26:37,387 | INFO    | Discretization scheme: central_scheme_1d
2026-09-07 17:26:37,387 | INFO    | Assembling convection-diffusion system (24999 internal nodes)
2026-09-07 17:26:37,387 | INFO    | Solving tridiagonal system using TDMA
2026-09-07 17:26:37,387 | INFO    | Solution assembled (25001 total nodes)
2026-09-07 17:26:37,387 | INFO    | Convection-diffusion solution completed
2026-09-07 17:26:37,387 | INFO    | N = 25000 | dx = 4.000000e-04 | Pe_h = 20.000
2026-09-07 17:26:37,387 | INFO    | Running case N = 50000
2026-09-07 17:26:37,387 | INFO    | Discretization scheme: central_scheme_1d
2026-09-07 17:26:37,387 | INFO    | Assembling convection-diffusion system (49999 internal nodes)
2026-09-07 17:26:37,396 | INFO    | Solving tridiagonal system using TDMA
2026-09-07 17:26:37,398 | INFO    | Solution assembled (50001 total nodes)
2026-09-07 17:26:37,398 | INFO    | Convection-diffusion solution completed
2026-09-07 17:26:37,398 | INFO    | N = 50000 | dx = 2.000000e-04 | Pe_h = 10.000
2026-09-07 17:26:37,398 | INFO    | Running case N = 100000
2026-09-07 17:26:37,398 | INFO    | Discretization scheme: central_scheme_1d
2026-09-07 17:26:37,398 | INFO    | Assembling convection-diffusion system (99999 internal nodes)
2026-09-07 17:26:37,407 | INFO    | Solving tridiagonal system using TDMA
2026-09-07 17:26:37,409 | INFO    | Solution assembled (100001 total nodes)
2026-09-07 17:26:37,409 | INFO    | Convection-diffusion solution completed
2026-09-07 17:26:37,409 | INFO    | N = 100000 | dx = 1.000000e-04 | Pe_h = 5.000
2026-09-07 17:26:37,409 | INFO    | Running case N = 200000
2026-09-07 17:26:37,409 | INFO    | Discretization scheme: central_scheme_1d
2026-09-07 17:26:37,409 | INFO    | Assembling convection-diffusion system (199999 internal nodes)
2026-09-07 17:26:37,426 | INFO    | Solving tridiagonal system using TDMA
2026-09-07 17:26:37,431 | INFO    | Solution assembled (200001 total nodes)
2026-09-07 17:26:37,431 | INFO    | Convection-diffusion solution completed
2026-09-07 17:26:37,433 | INFO    | N = 200000 | dx = 5.000000e-05 | Pe_h = 2.500
2026-09-07 17:26:37,435 | INFO    | Running case N = 225000
2026-09-07 17:26:37,435 | INFO    | Discretization scheme: central_scheme_1d
2026-09-07 17:26:37,435 | INFO    | Assembling convection-diffusion system (224999 internal nodes)
2026-09-07 17:26:37,451 | INFO    | Solving tridiagonal system using TDMA
2026-09-07 17:26:37,454 | INFO    | Solution assembled (225001 total nodes)
2026-09-07 17:26:37,454 | INFO    | Convection-diffusion solution completed
2026-09-07 17:26:37,454 | INFO    | N = 225000 | dx = 4.444444e-05 | Pe_h = 2.222
2026-09-07 17:26:37,454 | INFO    | Running case N = 250000
2026-09-07 17:26:37,454 | INFO    | Discretization scheme: central_scheme_1d
2026-09-07 17:26:37,454 | INFO    | Assembling convection-diffusion system (249999 internal nodes)
2026-09-07 17:26:37,481 | INFO    | Solving tridiagonal system using TDMA
2026-09-07 17:26:37,487 | INFO    | Solution assembled (250001 total nodes)
2026-09-07 17:26:37,488 | INFO    | Convection-diffusion solution completed
2026-09-07 17:26:37,489 | INFO    | N = 250000 | dx = 4.000000e-05 | Pe_h = 2.000
2026-09-07 17:26:37,492 | INFO    | Running case N = 500000
2026-09-07 17:26:37,494 | INFO    | Discretization scheme: central_scheme_1d
2026-09-07 17:26:37,494 | INFO    | Assembling convection-diffusion system (499999 internal nodes)
2026-09-07 17:26:37,525 | INFO    | Solving tridiagonal system using TDMA
2026-09-07 17:26:37,525 | INFO    | Solution assembled (500001 total nodes)
2026-09-07 17:26:37,525 | INFO    | Convection-diffusion solution completed
2026-09-07 17:26:37,541 | INFO    | N = 500000 | dx = 2.000000e-05 | Pe_h = 1.000
2026-09-07 17:26:37,544 | INFO    | Running case N = 1000000
2026-09-07 17:26:37,548 | INFO    | Discretization scheme: central_scheme_1d
2026-09-07 17:26:37,548 | INFO    | Assembling convection-diffusion system (999999 internal nodes)
2026-09-07 17:26:37,615 | INFO    | Solving tridiagonal system using TDMA
2026-09-07 17:26:37,645 | INFO    | Solution assembled (1000001 total nodes)
2026-09-07 17:26:37,645 | INFO    | Convection-diffusion solution completed
2026-09-07 17:26:37,645 | INFO    | N = 1000000 | dx = 1.000000e-05 | Pe_h = 0.500
2026-09-07 17:26:38,235 | INFO    | Solution figure saved
2026-09-07 17:26:38,250 | INFO    | Average slope before Pe_h=2 : -1.513
2026-09-07 17:26:38,250 | INFO    | Average slope after Pe_h=2 : -2.092
2026-09-07 17:26:38,710 | INFO    | Data saved
2026-09-07 17:26:38,710 | INFO    | Successful cases = 10/10
2026-09-07 17:26:38,710 | INFO    | Simulation completed successfully
2026-09-07 17:26:38,710 | INFO    | ============================================================
2026-09-07 17:26:38,710 | INFO    | PRAC1_WIGGLES_EX2C FINISHED
2026-09-07 17:26:38,710 | INFO    | ============================================================
