2026-09-07 15:31:01,915 | INFO    | ============================================================
2026-09-07 15:31:01,915 | INFO    | STARTING PRAC1_WIGGLES_EX2C
2026-09-07 15:31:01,915 | INFO    | ============================================================
2026-09-07 15:31:01,915 | INFO    | Log file: results\prac1_wiggles_ex2c\logs\prac1_wiggles_ex2c_20260907_153101.log
2026-09-07 15:31:01,916 | INFO    | Starting simulation
2026-09-07 15:31:01,916 | INFO    | Critical cell Peclet criterion: Pe_h <= 2
2026-09-07 15:31:01,916 | INFO    | Theoretical critical N = 250000
2026-09-07 15:31:01,943 | INFO    | Running case N = 5000
2026-09-07 15:31:01,945 | INFO    | Discretization scheme: central_scheme_1d
2026-09-07 15:31:01,945 | INFO    | Assembling convection-diffusion system (4999 internal nodes)
2026-09-07 15:31:01,945 | INFO    | Solving tridiagonal system using TDMA
2026-09-07 15:31:01,946 | INFO    | Solution assembled (5001 total nodes)
2026-09-07 15:31:01,946 | INFO    | Convection-diffusion solution completed
2026-09-07 15:31:01,946 | INFO    | N = 5000 | dx = 2.000000e-03 | Pe_h = 100.000
2026-09-07 15:31:01,950 | INFO    | Running case N = 10000
2026-09-07 15:31:01,950 | INFO    | Discretization scheme: central_scheme_1d
2026-09-07 15:31:01,950 | INFO    | Assembling convection-diffusion system (9999 internal nodes)
2026-09-07 15:31:01,951 | INFO    | Solving tridiagonal system using TDMA
2026-09-07 15:31:01,951 | INFO    | Solution assembled (10001 total nodes)
2026-09-07 15:31:01,951 | INFO    | Convection-diffusion solution completed
2026-09-07 15:31:01,952 | INFO    | N = 10000 | dx = 1.000000e-03 | Pe_h = 50.000
2026-09-07 15:31:01,953 | INFO    | Running case N = 25000
2026-09-07 15:31:01,953 | INFO    | Discretization scheme: central_scheme_1d
2026-09-07 15:31:01,953 | INFO    | Assembling convection-diffusion system (24999 internal nodes)
2026-09-07 15:31:01,953 | INFO    | Solving tridiagonal system using TDMA
2026-09-07 15:31:01,953 | INFO    | Solution assembled (25001 total nodes)
2026-09-07 15:31:01,953 | INFO    | Convection-diffusion solution completed
2026-09-07 15:31:01,953 | INFO    | N = 25000 | dx = 4.000000e-04 | Pe_h = 20.000
2026-09-07 15:31:01,953 | INFO    | Running case N = 50000
2026-09-07 15:31:01,953 | INFO    | Discretization scheme: central_scheme_1d
2026-09-07 15:31:01,953 | INFO    | Assembling convection-diffusion system (49999 internal nodes)
2026-09-07 15:31:01,953 | INFO    | Solving tridiagonal system using TDMA
2026-09-07 15:31:01,953 | INFO    | Solution assembled (50001 total nodes)
2026-09-07 15:31:01,953 | INFO    | Convection-diffusion solution completed
2026-09-07 15:31:01,953 | INFO    | N = 50000 | dx = 2.000000e-04 | Pe_h = 10.000
2026-09-07 15:31:01,953 | INFO    | Running case N = 100000
2026-09-07 15:31:01,953 | INFO    | Discretization scheme: central_scheme_1d
2026-09-07 15:31:01,953 | INFO    | Assembling convection-diffusion system (99999 internal nodes)
2026-09-07 15:31:01,968 | INFO    | Solving tridiagonal system using TDMA
2026-09-07 15:31:01,968 | INFO    | Solution assembled (100001 total nodes)
2026-09-07 15:31:01,968 | INFO    | Convection-diffusion solution completed
2026-09-07 15:31:01,968 | INFO    | N = 100000 | dx = 1.000000e-04 | Pe_h = 5.000
2026-09-07 15:31:01,977 | INFO    | Running case N = 200000
2026-09-07 15:31:01,977 | INFO    | Discretization scheme: central_scheme_1d
2026-09-07 15:31:01,977 | INFO    | Assembling convection-diffusion system (199999 internal nodes)
2026-09-07 15:31:01,989 | INFO    | Solving tridiagonal system using TDMA
2026-09-07 15:31:01,989 | INFO    | Solution assembled (200001 total nodes)
2026-09-07 15:31:01,989 | INFO    | Convection-diffusion solution completed
2026-09-07 15:31:01,989 | INFO    | N = 200000 | dx = 5.000000e-05 | Pe_h = 2.500
2026-09-07 15:31:01,989 | INFO    | Running case N = 225000
2026-09-07 15:31:01,989 | INFO    | Discretization scheme: central_scheme_1d
2026-09-07 15:31:02,001 | INFO    | Assembling convection-diffusion system (224999 internal nodes)
2026-09-07 15:31:02,014 | INFO    | Solving tridiagonal system using TDMA
2026-09-07 15:31:02,019 | INFO    | Solution assembled (225001 total nodes)
2026-09-07 15:31:02,020 | INFO    | Convection-diffusion solution completed
2026-09-07 15:31:02,020 | INFO    | N = 225000 | dx = 4.444444e-05 | Pe_h = 2.222
2026-09-07 15:31:02,023 | INFO    | Running case N = 250000
2026-09-07 15:31:02,023 | INFO    | Discretization scheme: central_scheme_1d
2026-09-07 15:31:02,023 | INFO    | Assembling convection-diffusion system (249999 internal nodes)
2026-09-07 15:31:02,039 | INFO    | Solving tridiagonal system using TDMA
2026-09-07 15:31:02,046 | INFO    | Solution assembled (250001 total nodes)
2026-09-07 15:31:02,046 | INFO    | Convection-diffusion solution completed
2026-09-07 15:31:02,046 | INFO    | N = 250000 | dx = 4.000000e-05 | Pe_h = 2.000
2026-09-07 15:31:02,051 | INFO    | Running case N = 500000
2026-09-07 15:31:02,053 | INFO    | Discretization scheme: central_scheme_1d
2026-09-07 15:31:02,054 | INFO    | Assembling convection-diffusion system (499999 internal nodes)
2026-09-07 15:31:02,083 | INFO    | Solving tridiagonal system using TDMA
2026-09-07 15:31:02,099 | INFO    | Solution assembled (500001 total nodes)
2026-09-07 15:31:02,100 | INFO    | Convection-diffusion solution completed
2026-09-07 15:31:02,102 | INFO    | N = 500000 | dx = 2.000000e-05 | Pe_h = 1.000
2026-09-07 15:31:02,106 | INFO    | Running case N = 1000000
2026-09-07 15:31:02,113 | INFO    | Discretization scheme: central_scheme_1d
2026-09-07 15:31:02,113 | INFO    | Assembling convection-diffusion system (999999 internal nodes)
2026-09-07 15:31:02,184 | INFO    | Solving tridiagonal system using TDMA
2026-09-07 15:31:02,226 | INFO    | Solution assembled (1000001 total nodes)
2026-09-07 15:31:02,226 | INFO    | Convection-diffusion solution completed
2026-09-07 15:31:02,233 | INFO    | N = 1000000 | dx = 1.000000e-05 | Pe_h = 0.500
2026-09-07 15:31:02,945 | INFO    | Solution figure saved
2026-09-07 15:31:02,993 | INFO    | Average slope before Pe_h=2 : -1.910
2026-09-07 15:31:02,994 | INFO    | Average slope after  Pe_h=2 : -2.090
2026-09-07 15:31:02,994 | INFO    | First slope near -2 at N = 10000 (slope = -1.951)
2026-09-07 15:31:03,420 | INFO    | Error convergence figure saved
2026-09-07 15:31:03,424 | INFO    | Data saved
2026-09-07 15:31:03,424 | INFO    | Successful cases = 10/10
2026-09-07 15:31:03,424 | INFO    | Simulation completed successfully
2026-09-07 15:31:03,424 | INFO    | ============================================================
2026-09-07 15:31:03,425 | INFO    | PRAC1_WIGGLES_EX2C FINISHED
2026-09-07 15:31:03,425 | INFO    | ============================================================
