2026-09-07 15:42:37,146 | INFO    | ============================================================
2026-09-07 15:42:37,146 | INFO    | STARTING PRAC1_WIGGLES_EX2C
2026-09-07 15:42:37,146 | INFO    | ============================================================
2026-09-07 15:42:37,146 | INFO    | Log file: results\prac1_wiggles_ex2c\logs\prac1_wiggles_ex2c_20260907_154237.log
2026-09-07 15:42:37,147 | INFO    | Starting simulation
2026-09-07 15:42:37,147 | INFO    | Critical cell Peclet criterion: Pe_h <= 2
2026-09-07 15:42:37,147 | INFO    | Theoretical critical N = 250000
2026-09-07 15:42:37,166 | INFO    | Running case N = 5000
2026-09-07 15:42:37,167 | INFO    | Discretization scheme: central_scheme_1d
2026-09-07 15:42:37,167 | INFO    | Assembling convection-diffusion system (4999 internal nodes)
2026-09-07 15:42:37,167 | INFO    | Solving tridiagonal system using TDMA
2026-09-07 15:42:37,167 | INFO    | Solution assembled (5001 total nodes)
2026-09-07 15:42:37,167 | INFO    | Convection-diffusion solution completed
2026-09-07 15:42:37,168 | INFO    | N = 5000 | dx = 2.000000e-03 | Pe_h = 100.000
2026-09-07 15:42:37,170 | INFO    | Running case N = 10000
2026-09-07 15:42:37,171 | INFO    | Discretization scheme: central_scheme_1d
2026-09-07 15:42:37,171 | INFO    | Assembling convection-diffusion system (9999 internal nodes)
2026-09-07 15:42:37,171 | INFO    | Solving tridiagonal system using TDMA
2026-09-07 15:42:37,171 | INFO    | Solution assembled (10001 total nodes)
2026-09-07 15:42:37,171 | INFO    | Convection-diffusion solution completed
2026-09-07 15:42:37,171 | INFO    | N = 10000 | dx = 1.000000e-03 | Pe_h = 50.000
2026-09-07 15:42:37,171 | INFO    | Running case N = 25000
2026-09-07 15:42:37,171 | INFO    | Discretization scheme: central_scheme_1d
2026-09-07 15:42:37,171 | INFO    | Assembling convection-diffusion system (24999 internal nodes)
2026-09-07 15:42:37,171 | INFO    | Solving tridiagonal system using TDMA
2026-09-07 15:42:37,171 | INFO    | Solution assembled (25001 total nodes)
2026-09-07 15:42:37,171 | INFO    | Convection-diffusion solution completed
2026-09-07 15:42:37,171 | INFO    | N = 25000 | dx = 4.000000e-04 | Pe_h = 20.000
2026-09-07 15:42:37,171 | INFO    | Running case N = 50000
2026-09-07 15:42:37,171 | INFO    | Discretization scheme: central_scheme_1d
2026-09-07 15:42:37,171 | INFO    | Assembling convection-diffusion system (49999 internal nodes)
2026-09-07 15:42:37,171 | INFO    | Solving tridiagonal system using TDMA
2026-09-07 15:42:37,171 | INFO    | Solution assembled (50001 total nodes)
2026-09-07 15:42:37,171 | INFO    | Convection-diffusion solution completed
2026-09-07 15:42:37,171 | INFO    | N = 50000 | dx = 2.000000e-04 | Pe_h = 10.000
2026-09-07 15:42:37,186 | INFO    | Running case N = 100000
2026-09-07 15:42:37,186 | INFO    | Discretization scheme: central_scheme_1d
2026-09-07 15:42:37,186 | INFO    | Assembling convection-diffusion system (99999 internal nodes)
2026-09-07 15:42:37,186 | INFO    | Solving tridiagonal system using TDMA
2026-09-07 15:42:37,195 | INFO    | Solution assembled (100001 total nodes)
2026-09-07 15:42:37,195 | INFO    | Convection-diffusion solution completed
2026-09-07 15:42:37,195 | INFO    | N = 100000 | dx = 1.000000e-04 | Pe_h = 5.000
2026-09-07 15:42:37,195 | INFO    | Running case N = 200000
2026-09-07 15:42:37,195 | INFO    | Discretization scheme: central_scheme_1d
2026-09-07 15:42:37,195 | INFO    | Assembling convection-diffusion system (199999 internal nodes)
2026-09-07 15:42:37,202 | INFO    | Solving tridiagonal system using TDMA
2026-09-07 15:42:37,219 | INFO    | Solution assembled (200001 total nodes)
2026-09-07 15:42:37,219 | INFO    | Convection-diffusion solution completed
2026-09-07 15:42:37,219 | INFO    | N = 200000 | dx = 5.000000e-05 | Pe_h = 2.500
2026-09-07 15:42:37,222 | INFO    | Running case N = 225000
2026-09-07 15:42:37,223 | INFO    | Discretization scheme: central_scheme_1d
2026-09-07 15:42:37,223 | INFO    | Assembling convection-diffusion system (224999 internal nodes)
2026-09-07 15:42:37,238 | INFO    | Solving tridiagonal system using TDMA
2026-09-07 15:42:37,244 | INFO    | Solution assembled (225001 total nodes)
2026-09-07 15:42:37,245 | INFO    | Convection-diffusion solution completed
2026-09-07 15:42:37,245 | INFO    | N = 225000 | dx = 4.444444e-05 | Pe_h = 2.222
2026-09-07 15:42:37,248 | INFO    | Running case N = 250000
2026-09-07 15:42:37,250 | INFO    | Discretization scheme: central_scheme_1d
2026-09-07 15:42:37,250 | INFO    | Assembling convection-diffusion system (249999 internal nodes)
2026-09-07 15:42:37,268 | INFO    | Solving tridiagonal system using TDMA
2026-09-07 15:42:37,275 | INFO    | Solution assembled (250001 total nodes)
2026-09-07 15:42:37,276 | INFO    | Convection-diffusion solution completed
2026-09-07 15:42:37,277 | INFO    | N = 250000 | dx = 4.000000e-05 | Pe_h = 2.000
2026-09-07 15:42:37,280 | INFO    | Running case N = 500000
2026-09-07 15:42:37,282 | INFO    | Discretization scheme: central_scheme_1d
2026-09-07 15:42:37,282 | INFO    | Assembling convection-diffusion system (499999 internal nodes)
2026-09-07 15:42:37,313 | INFO    | Solving tridiagonal system using TDMA
2026-09-07 15:42:37,313 | INFO    | Solution assembled (500001 total nodes)
2026-09-07 15:42:37,313 | INFO    | Convection-diffusion solution completed
2026-09-07 15:42:37,329 | INFO    | N = 500000 | dx = 2.000000e-05 | Pe_h = 1.000
2026-09-07 15:42:37,329 | INFO    | Running case N = 1000000
2026-09-07 15:42:37,329 | INFO    | Discretization scheme: central_scheme_1d
2026-09-07 15:42:37,329 | INFO    | Assembling convection-diffusion system (999999 internal nodes)
2026-09-07 15:42:37,392 | INFO    | Solving tridiagonal system using TDMA
2026-09-07 15:42:37,417 | INFO    | Solution assembled (1000001 total nodes)
2026-09-07 15:42:37,417 | INFO    | Convection-diffusion solution completed
2026-09-07 15:42:37,417 | INFO    | N = 1000000 | dx = 1.000000e-05 | Pe_h = 0.500
2026-09-07 15:42:38,380 | INFO    | Solution figure saved
2026-09-07 15:42:38,421 | INFO    | Average slope before Pe_h=2 : -1.910
2026-09-07 15:42:38,422 | INFO    | Average slope after  Pe_h=2 : -2.090
2026-09-07 15:42:38,423 | INFO    | First slope near -2 at N = 10000 (slope = -1.951)
2026-09-07 15:42:38,848 | INFO    | Error convergence figure saved
2026-09-07 15:42:38,851 | INFO    | Data saved
2026-09-07 15:42:38,851 | INFO    | Successful cases = 10/10
2026-09-07 15:42:38,851 | INFO    | Simulation completed successfully
2026-09-07 15:42:38,851 | INFO    | ============================================================
2026-09-07 15:42:38,852 | INFO    | PRAC1_WIGGLES_EX2C FINISHED
2026-09-07 15:42:38,852 | INFO    | ============================================================
