2026-09-07 16:08:09,604 | INFO    | ============================================================
2026-09-07 16:08:09,605 | INFO    | STARTING PRAC1_WIGGLES_EX2C
2026-09-07 16:08:09,605 | INFO    | ============================================================
2026-09-07 16:08:09,605 | INFO    | Log file: results\prac1_wiggles_ex2c\logs\prac1_wiggles_ex2c_20260907_160809.log
2026-09-07 16:08:09,605 | INFO    | Starting simulation
2026-09-07 16:08:09,605 | INFO    | Critical cell Peclet criterion: Pe_h <= 2
2026-09-07 16:08:09,606 | INFO    | Theoretical critical N = 250000
2026-09-07 16:08:09,623 | INFO    | Running case N = 5000
2026-09-07 16:08:09,624 | INFO    | Discretization scheme: central_scheme_1d
2026-09-07 16:08:09,624 | INFO    | Assembling convection-diffusion system (4999 internal nodes)
2026-09-07 16:08:09,625 | INFO    | Solving tridiagonal system using TDMA
2026-09-07 16:08:09,625 | INFO    | Solution assembled (5001 total nodes)
2026-09-07 16:08:09,626 | INFO    | Convection-diffusion solution completed
2026-09-07 16:08:09,627 | INFO    | N = 5000 | dx = 2.000000e-03 | Pe_h = 100.000
2026-09-07 16:08:09,629 | INFO    | Running case N = 10000
2026-09-07 16:08:09,630 | INFO    | Discretization scheme: central_scheme_1d
2026-09-07 16:08:09,630 | INFO    | Assembling convection-diffusion system (9999 internal nodes)
2026-09-07 16:08:09,631 | INFO    | Solving tridiagonal system using TDMA
2026-09-07 16:08:09,631 | INFO    | Solution assembled (10001 total nodes)
2026-09-07 16:08:09,631 | INFO    | Convection-diffusion solution completed
2026-09-07 16:08:09,631 | INFO    | N = 10000 | dx = 1.000000e-03 | Pe_h = 50.000
2026-09-07 16:08:09,634 | INFO    | Running case N = 25000
2026-09-07 16:08:09,635 | INFO    | Discretization scheme: central_scheme_1d
2026-09-07 16:08:09,635 | INFO    | Assembling convection-diffusion system (24999 internal nodes)
2026-09-07 16:08:09,637 | INFO    | Solving tridiagonal system using TDMA
2026-09-07 16:08:09,637 | INFO    | Solution assembled (25001 total nodes)
2026-09-07 16:08:09,638 | INFO    | Convection-diffusion solution completed
2026-09-07 16:08:09,638 | INFO    | N = 25000 | dx = 4.000000e-04 | Pe_h = 20.000
2026-09-07 16:08:09,640 | INFO    | Running case N = 50000
2026-09-07 16:08:09,640 | INFO    | Discretization scheme: central_scheme_1d
2026-09-07 16:08:09,640 | INFO    | Assembling convection-diffusion system (49999 internal nodes)
2026-09-07 16:08:09,644 | INFO    | Solving tridiagonal system using TDMA
2026-09-07 16:08:09,645 | INFO    | Solution assembled (50001 total nodes)
2026-09-07 16:08:09,645 | INFO    | Convection-diffusion solution completed
2026-09-07 16:08:09,646 | INFO    | N = 50000 | dx = 2.000000e-04 | Pe_h = 10.000
2026-09-07 16:08:09,649 | INFO    | Running case N = 100000
2026-09-07 16:08:09,650 | INFO    | Discretization scheme: central_scheme_1d
2026-09-07 16:08:09,650 | INFO    | Assembling convection-diffusion system (99999 internal nodes)
2026-09-07 16:08:09,656 | INFO    | Solving tridiagonal system using TDMA
2026-09-07 16:08:09,656 | INFO    | Solution assembled (100001 total nodes)
2026-09-07 16:08:09,656 | INFO    | Convection-diffusion solution completed
2026-09-07 16:08:09,656 | INFO    | N = 100000 | dx = 1.000000e-04 | Pe_h = 5.000
2026-09-07 16:08:09,664 | INFO    | Running case N = 200000
2026-09-07 16:08:09,664 | INFO    | Discretization scheme: central_scheme_1d
2026-09-07 16:08:09,664 | INFO    | Assembling convection-diffusion system (199999 internal nodes)
2026-09-07 16:08:09,667 | INFO    | Solving tridiagonal system using TDMA
2026-09-07 16:08:09,683 | INFO    | Solution assembled (200001 total nodes)
2026-09-07 16:08:09,683 | INFO    | Convection-diffusion solution completed
2026-09-07 16:08:09,683 | INFO    | N = 200000 | dx = 5.000000e-05 | Pe_h = 2.500
2026-09-07 16:08:09,683 | INFO    | Running case N = 225000
2026-09-07 16:08:09,683 | INFO    | Discretization scheme: central_scheme_1d
2026-09-07 16:08:09,683 | INFO    | Assembling convection-diffusion system (224999 internal nodes)
2026-09-07 16:08:09,698 | INFO    | Solving tridiagonal system using TDMA
2026-09-07 16:08:09,698 | INFO    | Solution assembled (225001 total nodes)
2026-09-07 16:08:09,698 | INFO    | Convection-diffusion solution completed
2026-09-07 16:08:09,698 | INFO    | N = 225000 | dx = 4.444444e-05 | Pe_h = 2.222
2026-09-07 16:08:09,698 | INFO    | Running case N = 250000
2026-09-07 16:08:09,698 | INFO    | Discretization scheme: central_scheme_1d
2026-09-07 16:08:09,698 | INFO    | Assembling convection-diffusion system (249999 internal nodes)
2026-09-07 16:08:09,731 | INFO    | Solving tridiagonal system using TDMA
2026-09-07 16:08:09,738 | INFO    | Solution assembled (250001 total nodes)
2026-09-07 16:08:09,738 | INFO    | Convection-diffusion solution completed
2026-09-07 16:08:09,738 | INFO    | N = 250000 | dx = 4.000000e-05 | Pe_h = 2.000
2026-09-07 16:08:09,742 | INFO    | Running case N = 500000
2026-09-07 16:08:09,744 | INFO    | Discretization scheme: central_scheme_1d
2026-09-07 16:08:09,745 | INFO    | Assembling convection-diffusion system (499999 internal nodes)
2026-09-07 16:08:09,778 | INFO    | Solving tridiagonal system using TDMA
2026-09-07 16:08:09,792 | INFO    | Solution assembled (500001 total nodes)
2026-09-07 16:08:09,792 | INFO    | Convection-diffusion solution completed
2026-09-07 16:08:09,794 | INFO    | N = 500000 | dx = 2.000000e-05 | Pe_h = 1.000
2026-09-07 16:08:09,797 | INFO    | Running case N = 1000000
2026-09-07 16:08:09,801 | INFO    | Discretization scheme: central_scheme_1d
2026-09-07 16:08:09,802 | INFO    | Assembling convection-diffusion system (999999 internal nodes)
2026-09-07 16:08:09,865 | INFO    | Solving tridiagonal system using TDMA
2026-09-07 16:08:09,894 | INFO    | Solution assembled (1000001 total nodes)
2026-09-07 16:08:09,894 | INFO    | Convection-diffusion solution completed
2026-09-07 16:08:09,894 | INFO    | N = 1000000 | dx = 1.000000e-05 | Pe_h = 0.500
2026-09-07 16:08:10,444 | INFO    | Solution figure saved
2026-09-07 16:08:10,490 | INFO    | Average slope before Pe_h=2 : NaN
2026-09-07 16:08:10,490 | INFO    | Average slope after  Pe_h=2 : NaN
2026-09-07 16:08:10,863 | INFO    | Error convergence figure saved
2026-09-07 16:08:10,867 | INFO    | Data saved
2026-09-07 16:08:10,867 | INFO    | Successful cases = 10/10
2026-09-07 16:08:10,868 | INFO    | Simulation completed successfully
2026-09-07 16:08:10,868 | INFO    | ============================================================
2026-09-07 16:08:10,868 | INFO    | PRAC1_WIGGLES_EX2C FINISHED
2026-09-07 16:08:10,868 | INFO    | ============================================================
