2026-09-07 16:05:17,502 | INFO    | ============================================================
2026-09-07 16:05:17,502 | INFO    | STARTING PRAC1_WIGGLES_EX2C
2026-09-07 16:05:17,502 | INFO    | ============================================================
2026-09-07 16:05:17,503 | INFO    | Log file: results\prac1_wiggles_ex2c\logs\prac1_wiggles_ex2c_20260907_160517.log
2026-09-07 16:05:17,503 | INFO    | Starting simulation
2026-09-07 16:05:17,503 | INFO    | Critical cell Peclet criterion: Pe_h <= 2
2026-09-07 16:05:17,503 | INFO    | Theoretical critical N = 250000
2026-09-07 16:05:17,519 | INFO    | Running case N = 5000
2026-09-07 16:05:17,519 | INFO    | Discretization scheme: central_scheme_1d
2026-09-07 16:05:17,519 | INFO    | Assembling convection-diffusion system (4999 internal nodes)
2026-09-07 16:05:17,519 | INFO    | Solving tridiagonal system using TDMA
2026-09-07 16:05:17,519 | INFO    | Solution assembled (5001 total nodes)
2026-09-07 16:05:17,523 | INFO    | Convection-diffusion solution completed
2026-09-07 16:05:17,523 | INFO    | N = 5000 | dx = 2.000000e-03 | Pe_h = 100.000
2026-09-07 16:05:17,526 | INFO    | Running case N = 10000
2026-09-07 16:05:17,526 | INFO    | Discretization scheme: central_scheme_1d
2026-09-07 16:05:17,526 | INFO    | Assembling convection-diffusion system (9999 internal nodes)
2026-09-07 16:05:17,527 | INFO    | Solving tridiagonal system using TDMA
2026-09-07 16:05:17,527 | INFO    | Solution assembled (10001 total nodes)
2026-09-07 16:05:17,527 | INFO    | Convection-diffusion solution completed
2026-09-07 16:05:17,529 | INFO    | N = 10000 | dx = 1.000000e-03 | Pe_h = 50.000
2026-09-07 16:05:17,530 | INFO    | Running case N = 25000
2026-09-07 16:05:17,531 | INFO    | Discretization scheme: central_scheme_1d
2026-09-07 16:05:17,531 | INFO    | Assembling convection-diffusion system (24999 internal nodes)
2026-09-07 16:05:17,532 | INFO    | Solving tridiagonal system using TDMA
2026-09-07 16:05:17,532 | INFO    | Solution assembled (25001 total nodes)
2026-09-07 16:05:17,532 | INFO    | Convection-diffusion solution completed
2026-09-07 16:05:17,532 | INFO    | N = 25000 | dx = 4.000000e-04 | Pe_h = 20.000
2026-09-07 16:05:17,532 | INFO    | Running case N = 50000
2026-09-07 16:05:17,532 | INFO    | Discretization scheme: central_scheme_1d
2026-09-07 16:05:17,532 | INFO    | Assembling convection-diffusion system (49999 internal nodes)
2026-09-07 16:05:17,532 | INFO    | Solving tridiagonal system using TDMA
2026-09-07 16:05:17,532 | INFO    | Solution assembled (50001 total nodes)
2026-09-07 16:05:17,532 | INFO    | Convection-diffusion solution completed
2026-09-07 16:05:17,532 | INFO    | N = 50000 | dx = 2.000000e-04 | Pe_h = 10.000
2026-09-07 16:05:17,532 | INFO    | Running case N = 100000
2026-09-07 16:05:17,532 | INFO    | Discretization scheme: central_scheme_1d
2026-09-07 16:05:17,532 | INFO    | Assembling convection-diffusion system (99999 internal nodes)
2026-09-07 16:05:17,547 | INFO    | Solving tridiagonal system using TDMA
2026-09-07 16:05:17,547 | INFO    | Solution assembled (100001 total nodes)
2026-09-07 16:05:17,547 | INFO    | Convection-diffusion solution completed
2026-09-07 16:05:17,547 | INFO    | N = 100000 | dx = 1.000000e-04 | Pe_h = 5.000
2026-09-07 16:05:17,547 | INFO    | Running case N = 200000
2026-09-07 16:05:17,547 | INFO    | Discretization scheme: central_scheme_1d
2026-09-07 16:05:17,547 | INFO    | Assembling convection-diffusion system (199999 internal nodes)
2026-09-07 16:05:17,568 | INFO    | Solving tridiagonal system using TDMA
2026-09-07 16:05:17,568 | INFO    | Solution assembled (200001 total nodes)
2026-09-07 16:05:17,568 | INFO    | Convection-diffusion solution completed
2026-09-07 16:05:17,577 | INFO    | N = 200000 | dx = 5.000000e-05 | Pe_h = 2.500
2026-09-07 16:05:17,579 | INFO    | Running case N = 225000
2026-09-07 16:05:17,579 | INFO    | Discretization scheme: central_scheme_1d
2026-09-07 16:05:17,579 | INFO    | Assembling convection-diffusion system (224999 internal nodes)
2026-09-07 16:05:17,595 | INFO    | Solving tridiagonal system using TDMA
2026-09-07 16:05:17,601 | INFO    | Solution assembled (225001 total nodes)
2026-09-07 16:05:17,602 | INFO    | Convection-diffusion solution completed
2026-09-07 16:05:17,602 | INFO    | N = 225000 | dx = 4.444444e-05 | Pe_h = 2.222
2026-09-07 16:05:17,605 | INFO    | Running case N = 250000
2026-09-07 16:05:17,606 | INFO    | Discretization scheme: central_scheme_1d
2026-09-07 16:05:17,606 | INFO    | Assembling convection-diffusion system (249999 internal nodes)
2026-09-07 16:05:17,624 | INFO    | Solving tridiagonal system using TDMA
2026-09-07 16:05:17,632 | INFO    | Solution assembled (250001 total nodes)
2026-09-07 16:05:17,633 | INFO    | Convection-diffusion solution completed
2026-09-07 16:05:17,634 | INFO    | N = 250000 | dx = 4.000000e-05 | Pe_h = 2.000
2026-09-07 16:05:17,637 | INFO    | Running case N = 500000
2026-09-07 16:05:17,640 | INFO    | Discretization scheme: central_scheme_1d
2026-09-07 16:05:17,640 | INFO    | Assembling convection-diffusion system (499999 internal nodes)
2026-09-07 16:05:17,672 | INFO    | Solving tridiagonal system using TDMA
2026-09-07 16:05:17,677 | INFO    | Solution assembled (500001 total nodes)
2026-09-07 16:05:17,677 | INFO    | Convection-diffusion solution completed
2026-09-07 16:05:17,677 | INFO    | N = 500000 | dx = 2.000000e-05 | Pe_h = 1.000
2026-09-07 16:05:17,677 | INFO    | Running case N = 1000000
2026-09-07 16:05:17,688 | INFO    | Discretization scheme: central_scheme_1d
2026-09-07 16:05:17,688 | INFO    | Assembling convection-diffusion system (999999 internal nodes)
2026-09-07 16:05:17,736 | INFO    | Solving tridiagonal system using TDMA
2026-09-07 16:05:17,777 | INFO    | Solution assembled (1000001 total nodes)
2026-09-07 16:05:17,777 | INFO    | Convection-diffusion solution completed
2026-09-07 16:05:17,777 | INFO    | N = 1000000 | dx = 1.000000e-05 | Pe_h = 0.500
2026-09-07 16:05:18,411 | INFO    | Solution figure saved
2026-09-07 16:05:18,452 | INFO    | Average slope before Pe_h=2 : -1.910
2026-09-07 16:05:18,452 | INFO    | Average slope after  Pe_h=2 : -2.090
2026-09-07 16:05:18,453 | INFO    | First slope near -2 at N = 10000 (slope = -1.951)
2026-09-07 16:05:18,826 | INFO    | Error convergence figure saved
2026-09-07 16:05:18,830 | INFO    | Data saved
2026-09-07 16:05:18,830 | INFO    | Successful cases = 10/10
2026-09-07 16:05:18,830 | INFO    | Simulation completed successfully
2026-09-07 16:05:18,831 | INFO    | ============================================================
2026-09-07 16:05:18,831 | INFO    | PRAC1_WIGGLES_EX2C FINISHED
2026-09-07 16:05:18,831 | INFO    | ============================================================
