2026-09-07 15:58:15,739 | INFO    | ============================================================
2026-09-07 15:58:15,740 | INFO    | STARTING PRAC1_WIGGLES_EX2C
2026-09-07 15:58:15,740 | INFO    | ============================================================
2026-09-07 15:58:15,740 | INFO    | Log file: results\prac1_wiggles_ex2c\logs\prac1_wiggles_ex2c_20260907_155815.log
2026-09-07 15:58:15,741 | INFO    | Starting simulation
2026-09-07 15:58:15,741 | INFO    | Critical cell Peclet criterion: Pe_h <= 2
2026-09-07 15:58:15,741 | INFO    | Theoretical critical N = 250000
2026-09-07 15:58:15,757 | INFO    | Running case N = 5000
2026-09-07 15:58:15,757 | INFO    | Discretization scheme: central_scheme_1d
2026-09-07 15:58:15,757 | INFO    | Assembling convection-diffusion system (4999 internal nodes)
2026-09-07 15:58:15,757 | INFO    | Solving tridiagonal system using TDMA
2026-09-07 15:58:15,757 | INFO    | Solution assembled (5001 total nodes)
2026-09-07 15:58:15,757 | INFO    | Convection-diffusion solution completed
2026-09-07 15:58:15,757 | INFO    | N = 5000 | dx = 2.000000e-03 | Pe_h = 100.000
2026-09-07 15:58:15,762 | INFO    | Running case N = 10000
2026-09-07 15:58:15,762 | INFO    | Discretization scheme: central_scheme_1d
2026-09-07 15:58:15,762 | INFO    | Assembling convection-diffusion system (9999 internal nodes)
2026-09-07 15:58:15,763 | INFO    | Solving tridiagonal system using TDMA
2026-09-07 15:58:15,763 | INFO    | Solution assembled (10001 total nodes)
2026-09-07 15:58:15,763 | INFO    | Convection-diffusion solution completed
2026-09-07 15:58:15,764 | INFO    | N = 10000 | dx = 1.000000e-03 | Pe_h = 50.000
2026-09-07 15:58:15,766 | INFO    | Running case N = 25000
2026-09-07 15:58:15,766 | INFO    | Discretization scheme: central_scheme_1d
2026-09-07 15:58:15,766 | INFO    | Assembling convection-diffusion system (24999 internal nodes)
2026-09-07 15:58:15,768 | INFO    | Solving tridiagonal system using TDMA
2026-09-07 15:58:15,768 | INFO    | Solution assembled (25001 total nodes)
2026-09-07 15:58:15,768 | INFO    | Convection-diffusion solution completed
2026-09-07 15:58:15,768 | INFO    | N = 25000 | dx = 4.000000e-04 | Pe_h = 20.000
2026-09-07 15:58:15,768 | INFO    | Running case N = 50000
2026-09-07 15:58:15,768 | INFO    | Discretization scheme: central_scheme_1d
2026-09-07 15:58:15,768 | INFO    | Assembling convection-diffusion system (49999 internal nodes)
2026-09-07 15:58:15,768 | INFO    | Solving tridiagonal system using TDMA
2026-09-07 15:58:15,768 | INFO    | Solution assembled (50001 total nodes)
2026-09-07 15:58:15,768 | INFO    | Convection-diffusion solution completed
2026-09-07 15:58:15,768 | INFO    | N = 50000 | dx = 2.000000e-04 | Pe_h = 10.000
2026-09-07 15:58:15,768 | INFO    | Running case N = 100000
2026-09-07 15:58:15,768 | INFO    | Discretization scheme: central_scheme_1d
2026-09-07 15:58:15,768 | INFO    | Assembling convection-diffusion system (99999 internal nodes)
2026-09-07 15:58:15,779 | INFO    | Solving tridiagonal system using TDMA
2026-09-07 15:58:15,783 | INFO    | Solution assembled (100001 total nodes)
2026-09-07 15:58:15,783 | INFO    | Convection-diffusion solution completed
2026-09-07 15:58:15,783 | INFO    | N = 100000 | dx = 1.000000e-04 | Pe_h = 5.000
2026-09-07 15:58:15,783 | INFO    | Running case N = 200000
2026-09-07 15:58:15,783 | INFO    | Discretization scheme: central_scheme_1d
2026-09-07 15:58:15,783 | INFO    | Assembling convection-diffusion system (199999 internal nodes)
2026-09-07 15:58:15,799 | INFO    | Solving tridiagonal system using TDMA
2026-09-07 15:58:15,806 | INFO    | Solution assembled (200001 total nodes)
2026-09-07 15:58:15,806 | INFO    | Convection-diffusion solution completed
2026-09-07 15:58:15,806 | INFO    | N = 200000 | dx = 5.000000e-05 | Pe_h = 2.500
2026-09-07 15:58:15,806 | INFO    | Running case N = 225000
2026-09-07 15:58:15,806 | INFO    | Discretization scheme: central_scheme_1d
2026-09-07 15:58:15,806 | INFO    | Assembling convection-diffusion system (224999 internal nodes)
2026-09-07 15:58:15,815 | INFO    | Solving tridiagonal system using TDMA
2026-09-07 15:58:15,815 | INFO    | Solution assembled (225001 total nodes)
2026-09-07 15:58:15,815 | INFO    | Convection-diffusion solution completed
2026-09-07 15:58:15,815 | INFO    | N = 225000 | dx = 4.444444e-05 | Pe_h = 2.222
2026-09-07 15:58:15,831 | INFO    | Running case N = 250000
2026-09-07 15:58:15,831 | INFO    | Discretization scheme: central_scheme_1d
2026-09-07 15:58:15,831 | INFO    | Assembling convection-diffusion system (249999 internal nodes)
2026-09-07 15:58:15,849 | INFO    | Solving tridiagonal system using TDMA
2026-09-07 15:58:15,855 | INFO    | Solution assembled (250001 total nodes)
2026-09-07 15:58:15,855 | INFO    | Convection-diffusion solution completed
2026-09-07 15:58:15,856 | INFO    | N = 250000 | dx = 4.000000e-05 | Pe_h = 2.000
2026-09-07 15:58:15,860 | INFO    | Running case N = 500000
2026-09-07 15:58:15,863 | INFO    | Discretization scheme: central_scheme_1d
2026-09-07 15:58:15,863 | INFO    | Assembling convection-diffusion system (499999 internal nodes)
2026-09-07 15:58:15,894 | INFO    | Solving tridiagonal system using TDMA
2026-09-07 15:58:15,902 | INFO    | Solution assembled (500001 total nodes)
2026-09-07 15:58:15,902 | INFO    | Convection-diffusion solution completed
2026-09-07 15:58:15,902 | INFO    | N = 500000 | dx = 2.000000e-05 | Pe_h = 1.000
2026-09-07 15:58:15,912 | INFO    | Running case N = 1000000
2026-09-07 15:58:15,917 | INFO    | Discretization scheme: central_scheme_1d
2026-09-07 15:58:15,917 | INFO    | Assembling convection-diffusion system (999999 internal nodes)
2026-09-07 15:58:15,975 | INFO    | Solving tridiagonal system using TDMA
2026-09-07 15:58:16,009 | INFO    | Solution assembled (1000001 total nodes)
2026-09-07 15:58:16,010 | INFO    | Convection-diffusion solution completed
2026-09-07 15:58:16,014 | INFO    | N = 1000000 | dx = 1.000000e-05 | Pe_h = 0.500
2026-09-07 15:58:16,692 | INFO    | Solution figure saved
2026-09-07 15:58:16,739 | INFO    | Average slope before Pe_h=2 : -1.910
2026-09-07 15:58:16,739 | INFO    | Average slope after  Pe_h=2 : -2.090
2026-09-07 15:58:16,740 | INFO    | First slope near -2 at N = 10000 (slope = -1.951)
2026-09-07 15:58:17,150 | INFO    | Error convergence figure saved
2026-09-07 15:58:17,154 | INFO    | Data saved
2026-09-07 15:58:17,154 | INFO    | Successful cases = 10/10
2026-09-07 15:58:17,155 | INFO    | Simulation completed successfully
2026-09-07 15:58:17,155 | INFO    | ============================================================
2026-09-07 15:58:17,155 | INFO    | PRAC1_WIGGLES_EX2C FINISHED
2026-09-07 15:58:17,155 | INFO    | ============================================================
