2026-09-07 15:41:15,641 | INFO    | ============================================================
2026-09-07 15:41:15,642 | INFO    | STARTING PRAC1_WIGGLES_EX2C
2026-09-07 15:41:15,642 | INFO    | ============================================================
2026-09-07 15:41:15,642 | INFO    | Log file: results\prac1_wiggles_ex2c\logs\prac1_wiggles_ex2c_20260907_154115.log
2026-09-07 15:41:15,642 | INFO    | Starting simulation
2026-09-07 15:41:15,643 | INFO    | Critical cell Peclet criterion: Pe_h <= 2
2026-09-07 15:41:15,643 | INFO    | Theoretical critical N = 250000
2026-09-07 15:41:15,661 | INFO    | Running case N = 5000
2026-09-07 15:41:15,662 | INFO    | Discretization scheme: central_scheme_1d
2026-09-07 15:41:15,662 | INFO    | Assembling convection-diffusion system (4999 internal nodes)
2026-09-07 15:41:15,665 | INFO    | Solving tridiagonal system using TDMA
2026-09-07 15:41:15,665 | INFO    | Solution assembled (5001 total nodes)
2026-09-07 15:41:15,665 | INFO    | Convection-diffusion solution completed
2026-09-07 15:41:15,667 | INFO    | N = 5000 | dx = 2.000000e-03 | Pe_h = 100.000
2026-09-07 15:41:15,667 | INFO    | Running case N = 10000
2026-09-07 15:41:15,667 | INFO    | Discretization scheme: central_scheme_1d
2026-09-07 15:41:15,667 | INFO    | Assembling convection-diffusion system (9999 internal nodes)
2026-09-07 15:41:15,667 | INFO    | Solving tridiagonal system using TDMA
2026-09-07 15:41:15,674 | INFO    | Solution assembled (10001 total nodes)
2026-09-07 15:41:15,674 | INFO    | Convection-diffusion solution completed
2026-09-07 15:41:15,674 | INFO    | N = 10000 | dx = 1.000000e-03 | Pe_h = 50.000
2026-09-07 15:41:15,676 | INFO    | Running case N = 25000
2026-09-07 15:41:15,677 | INFO    | Discretization scheme: central_scheme_1d
2026-09-07 15:41:15,677 | INFO    | Assembling convection-diffusion system (24999 internal nodes)
2026-09-07 15:41:15,679 | INFO    | Solving tridiagonal system using TDMA
2026-09-07 15:41:15,679 | INFO    | Solution assembled (25001 total nodes)
2026-09-07 15:41:15,679 | INFO    | Convection-diffusion solution completed
2026-09-07 15:41:15,679 | INFO    | N = 25000 | dx = 4.000000e-04 | Pe_h = 20.000
2026-09-07 15:41:15,683 | INFO    | Running case N = 50000
2026-09-07 15:41:15,683 | INFO    | Discretization scheme: central_scheme_1d
2026-09-07 15:41:15,683 | INFO    | Assembling convection-diffusion system (49999 internal nodes)
2026-09-07 15:41:15,687 | INFO    | Solving tridiagonal system using TDMA
2026-09-07 15:41:15,687 | INFO    | Solution assembled (50001 total nodes)
2026-09-07 15:41:15,687 | INFO    | Convection-diffusion solution completed
2026-09-07 15:41:15,687 | INFO    | N = 50000 | dx = 2.000000e-04 | Pe_h = 10.000
2026-09-07 15:41:15,689 | INFO    | Running case N = 100000
2026-09-07 15:41:15,692 | INFO    | Discretization scheme: central_scheme_1d
2026-09-07 15:41:15,692 | INFO    | Assembling convection-diffusion system (99999 internal nodes)
2026-09-07 15:41:15,700 | INFO    | Solving tridiagonal system using TDMA
2026-09-07 15:41:15,704 | INFO    | Solution assembled (100001 total nodes)
2026-09-07 15:41:15,704 | INFO    | Convection-diffusion solution completed
2026-09-07 15:41:15,704 | INFO    | N = 100000 | dx = 1.000000e-04 | Pe_h = 5.000
2026-09-07 15:41:15,708 | INFO    | Running case N = 200000
2026-09-07 15:41:15,708 | INFO    | Discretization scheme: central_scheme_1d
2026-09-07 15:41:15,708 | INFO    | Assembling convection-diffusion system (199999 internal nodes)
2026-09-07 15:41:15,724 | INFO    | Solving tridiagonal system using TDMA
2026-09-07 15:41:15,728 | INFO    | Solution assembled (200001 total nodes)
2026-09-07 15:41:15,730 | INFO    | Convection-diffusion solution completed
2026-09-07 15:41:15,730 | INFO    | N = 200000 | dx = 5.000000e-05 | Pe_h = 2.500
2026-09-07 15:41:15,730 | INFO    | Running case N = 225000
2026-09-07 15:41:15,733 | INFO    | Discretization scheme: central_scheme_1d
2026-09-07 15:41:15,733 | INFO    | Assembling convection-diffusion system (224999 internal nodes)
2026-09-07 15:41:15,748 | INFO    | Solving tridiagonal system using TDMA
2026-09-07 15:41:15,754 | INFO    | Solution assembled (225001 total nodes)
2026-09-07 15:41:15,754 | INFO    | Convection-diffusion solution completed
2026-09-07 15:41:15,756 | INFO    | N = 225000 | dx = 4.444444e-05 | Pe_h = 2.222
2026-09-07 15:41:15,759 | INFO    | Running case N = 250000
2026-09-07 15:41:15,761 | INFO    | Discretization scheme: central_scheme_1d
2026-09-07 15:41:15,762 | INFO    | Assembling convection-diffusion system (249999 internal nodes)
2026-09-07 15:41:15,781 | INFO    | Solving tridiagonal system using TDMA
2026-09-07 15:41:15,787 | INFO    | Solution assembled (250001 total nodes)
2026-09-07 15:41:15,789 | INFO    | Convection-diffusion solution completed
2026-09-07 15:41:15,789 | INFO    | N = 250000 | dx = 4.000000e-05 | Pe_h = 2.000
2026-09-07 15:41:15,792 | INFO    | Running case N = 500000
2026-09-07 15:41:15,796 | INFO    | Discretization scheme: central_scheme_1d
2026-09-07 15:41:15,796 | INFO    | Assembling convection-diffusion system (499999 internal nodes)
2026-09-07 15:41:15,820 | INFO    | Solving tridiagonal system using TDMA
2026-09-07 15:41:15,841 | INFO    | Solution assembled (500001 total nodes)
2026-09-07 15:41:15,841 | INFO    | Convection-diffusion solution completed
2026-09-07 15:41:15,842 | INFO    | N = 500000 | dx = 2.000000e-05 | Pe_h = 1.000
2026-09-07 15:41:15,846 | INFO    | Running case N = 1000000
2026-09-07 15:41:15,846 | INFO    | Discretization scheme: central_scheme_1d
2026-09-07 15:41:15,846 | INFO    | Assembling convection-diffusion system (999999 internal nodes)
2026-09-07 15:41:15,914 | INFO    | Solving tridiagonal system using TDMA
2026-09-07 15:41:15,941 | INFO    | Solution assembled (1000001 total nodes)
2026-09-07 15:41:15,942 | INFO    | Convection-diffusion solution completed
2026-09-07 15:41:15,944 | INFO    | N = 1000000 | dx = 1.000000e-05 | Pe_h = 0.500
2026-09-07 15:41:16,584 | INFO    | Solution figure saved
2026-09-07 15:41:16,624 | INFO    | Average slope before Pe_h=2 : -1.910
2026-09-07 15:41:16,624 | INFO    | Average slope after  Pe_h=2 : -2.090
2026-09-07 15:41:16,625 | INFO    | First slope near -2 at N = 10000 (slope = -1.951)
2026-09-07 15:41:17,041 | INFO    | Error convergence figure saved
2026-09-07 15:41:17,044 | INFO    | Data saved
2026-09-07 15:41:17,044 | INFO    | Successful cases = 10/10
2026-09-07 15:41:17,044 | INFO    | Simulation completed successfully
2026-09-07 15:41:17,045 | INFO    | ============================================================
2026-09-07 15:41:17,045 | INFO    | PRAC1_WIGGLES_EX2C FINISHED
2026-09-07 15:41:17,045 | INFO    | ============================================================
