2026-09-07 15:28:30,507 | INFO    | ============================================================
2026-09-07 15:28:30,508 | INFO    | STARTING PRAC1_WIGGLES_EX2C
2026-09-07 15:28:30,508 | INFO    | ============================================================
2026-09-07 15:28:30,508 | INFO    | Log file: results\prac1_wiggles_ex2c\logs\prac1_wiggles_ex2c_20260907_152830.log
2026-09-07 15:28:30,508 | INFO    | Starting simulation
2026-09-07 15:28:30,509 | INFO    | Critical cell Peclet criterion: Pe_h <= 2
2026-09-07 15:28:30,509 | INFO    | Theoretical critical N = 250000
2026-09-07 15:28:30,532 | INFO    | Running case N = 5000
2026-09-07 15:28:30,533 | INFO    | Discretization scheme: central_scheme_1d
2026-09-07 15:28:30,533 | INFO    | Assembling convection-diffusion system (4999 internal nodes)
2026-09-07 15:28:30,537 | INFO    | Solving tridiagonal system using TDMA
2026-09-07 15:28:30,537 | INFO    | Solution assembled (5001 total nodes)
2026-09-07 15:28:30,537 | INFO    | Convection-diffusion solution completed
2026-09-07 15:28:30,537 | INFO    | N = 5000 | dx = 2.000000e-03 | Pe_h = 100.000
2026-09-07 15:28:30,542 | INFO    | Running case N = 10000
2026-09-07 15:28:30,543 | INFO    | Discretization scheme: central_scheme_1d
2026-09-07 15:28:30,543 | INFO    | Assembling convection-diffusion system (9999 internal nodes)
2026-09-07 15:28:30,544 | INFO    | Solving tridiagonal system using TDMA
2026-09-07 15:28:30,544 | INFO    | Solution assembled (10001 total nodes)
2026-09-07 15:28:30,544 | INFO    | Convection-diffusion solution completed
2026-09-07 15:28:30,544 | INFO    | N = 10000 | dx = 1.000000e-03 | Pe_h = 50.000
2026-09-07 15:28:30,547 | INFO    | Running case N = 25000
2026-09-07 15:28:30,548 | INFO    | Discretization scheme: central_scheme_1d
2026-09-07 15:28:30,548 | INFO    | Assembling convection-diffusion system (24999 internal nodes)
2026-09-07 15:28:30,549 | INFO    | Solving tridiagonal system using TDMA
2026-09-07 15:28:30,549 | INFO    | Solution assembled (25001 total nodes)
2026-09-07 15:28:30,549 | INFO    | Convection-diffusion solution completed
2026-09-07 15:28:30,549 | INFO    | N = 25000 | dx = 4.000000e-04 | Pe_h = 20.000
2026-09-07 15:28:30,554 | INFO    | Running case N = 50000
2026-09-07 15:28:30,555 | INFO    | Discretization scheme: central_scheme_1d
2026-09-07 15:28:30,555 | INFO    | Assembling convection-diffusion system (49999 internal nodes)
2026-09-07 15:28:30,558 | INFO    | Solving tridiagonal system using TDMA
2026-09-07 15:28:30,558 | INFO    | Solution assembled (50001 total nodes)
2026-09-07 15:28:30,558 | INFO    | Convection-diffusion solution completed
2026-09-07 15:28:30,558 | INFO    | N = 50000 | dx = 2.000000e-04 | Pe_h = 10.000
2026-09-07 15:28:30,558 | INFO    | Running case N = 100000
2026-09-07 15:28:30,558 | INFO    | Discretization scheme: central_scheme_1d
2026-09-07 15:28:30,558 | INFO    | Assembling convection-diffusion system (99999 internal nodes)
2026-09-07 15:28:30,558 | INFO    | Solving tridiagonal system using TDMA
2026-09-07 15:28:30,575 | INFO    | Solution assembled (100001 total nodes)
2026-09-07 15:28:30,575 | INFO    | Convection-diffusion solution completed
2026-09-07 15:28:30,575 | INFO    | N = 100000 | dx = 1.000000e-04 | Pe_h = 5.000
2026-09-07 15:28:30,575 | INFO    | Running case N = 200000
2026-09-07 15:28:30,575 | INFO    | Discretization scheme: central_scheme_1d
2026-09-07 15:28:30,575 | INFO    | Assembling convection-diffusion system (199999 internal nodes)
2026-09-07 15:28:30,594 | INFO    | Solving tridiagonal system using TDMA
2026-09-07 15:28:30,600 | INFO    | Solution assembled (200001 total nodes)
2026-09-07 15:28:30,600 | INFO    | Convection-diffusion solution completed
2026-09-07 15:28:30,600 | INFO    | N = 200000 | dx = 5.000000e-05 | Pe_h = 2.500
2026-09-07 15:28:30,604 | INFO    | Running case N = 225000
2026-09-07 15:28:30,605 | INFO    | Discretization scheme: central_scheme_1d
2026-09-07 15:28:30,605 | INFO    | Assembling convection-diffusion system (224999 internal nodes)
2026-09-07 15:28:30,623 | INFO    | Solving tridiagonal system using TDMA
2026-09-07 15:28:30,630 | INFO    | Solution assembled (225001 total nodes)
2026-09-07 15:28:30,630 | INFO    | Convection-diffusion solution completed
2026-09-07 15:28:30,631 | INFO    | N = 225000 | dx = 4.444444e-05 | Pe_h = 2.222
2026-09-07 15:28:30,633 | INFO    | Running case N = 250000
2026-09-07 15:28:30,635 | INFO    | Discretization scheme: central_scheme_1d
2026-09-07 15:28:30,635 | INFO    | Assembling convection-diffusion system (249999 internal nodes)
2026-09-07 15:28:30,653 | INFO    | Solving tridiagonal system using TDMA
2026-09-07 15:28:30,659 | INFO    | Solution assembled (250001 total nodes)
2026-09-07 15:28:30,659 | INFO    | Convection-diffusion solution completed
2026-09-07 15:28:30,659 | INFO    | N = 250000 | dx = 4.000000e-05 | Pe_h = 2.000
2026-09-07 15:28:30,663 | INFO    | Running case N = 500000
2026-09-07 15:28:30,666 | INFO    | Discretization scheme: central_scheme_1d
2026-09-07 15:28:30,666 | INFO    | Assembling convection-diffusion system (499999 internal nodes)
2026-09-07 15:28:30,700 | INFO    | Solving tridiagonal system using TDMA
2026-09-07 15:28:30,707 | INFO    | Solution assembled (500001 total nodes)
2026-09-07 15:28:30,707 | INFO    | Convection-diffusion solution completed
2026-09-07 15:28:30,707 | INFO    | N = 500000 | dx = 2.000000e-05 | Pe_h = 1.000
2026-09-07 15:28:30,707 | INFO    | Running case N = 1000000
2026-09-07 15:28:30,723 | INFO    | Discretization scheme: central_scheme_1d
2026-09-07 15:28:30,723 | INFO    | Assembling convection-diffusion system (999999 internal nodes)
2026-09-07 15:28:30,775 | INFO    | Solving tridiagonal system using TDMA
2026-09-07 15:28:30,805 | INFO    | Solution assembled (1000001 total nodes)
2026-09-07 15:28:30,805 | INFO    | Convection-diffusion solution completed
2026-09-07 15:28:30,805 | INFO    | N = 1000000 | dx = 1.000000e-05 | Pe_h = 0.500
2026-09-07 15:28:31,443 | INFO    | Solution figure saved
2026-09-07 15:28:31,498 | INFO    | Average slope before Pe_h=2 : NaN
2026-09-07 15:28:31,498 | INFO    | Average slope after  Pe_h=2 : NaN
2026-09-07 15:28:31,977 | INFO    | Error convergence figure saved
2026-09-07 15:28:31,984 | INFO    | Data saved
2026-09-07 15:28:31,984 | INFO    | Successful cases = 10/10
2026-09-07 15:28:31,984 | INFO    | Simulation completed successfully
2026-09-07 15:28:31,985 | INFO    | ============================================================
2026-09-07 15:28:31,985 | INFO    | PRAC1_WIGGLES_EX2C FINISHED
2026-09-07 15:28:31,985 | INFO    | ============================================================
