2026-09-07 15:47:49,981 | INFO    | ============================================================
2026-09-07 15:47:49,982 | INFO    | STARTING PRAC1_WIGGLES_EX2C
2026-09-07 15:47:49,982 | INFO    | ============================================================
2026-09-07 15:47:49,982 | INFO    | Log file: results\prac1_wiggles_ex2c\logs\prac1_wiggles_ex2c_20260907_154749.log
2026-09-07 15:47:49,983 | INFO    | Starting simulation
2026-09-07 15:47:49,983 | INFO    | Critical cell Peclet criterion: Pe_h <= 2
2026-09-07 15:47:49,983 | INFO    | Theoretical critical N = 250000
2026-09-07 15:47:50,011 | INFO    | Running case N = 5000
2026-09-07 15:47:50,018 | INFO    | Discretization scheme: central_scheme_1d
2026-09-07 15:47:50,018 | INFO    | Assembling convection-diffusion system (4999 internal nodes)
2026-09-07 15:47:50,018 | INFO    | Solving tridiagonal system using TDMA
2026-09-07 15:47:50,018 | INFO    | Solution assembled (5001 total nodes)
2026-09-07 15:47:50,018 | INFO    | Convection-diffusion solution completed
2026-09-07 15:47:50,018 | INFO    | N = 5000 | dx = 2.000000e-03 | Pe_h = 100.000
2026-09-07 15:47:50,018 | INFO    | Running case N = 10000
2026-09-07 15:47:50,018 | INFO    | Discretization scheme: central_scheme_1d
2026-09-07 15:47:50,018 | INFO    | Assembling convection-diffusion system (9999 internal nodes)
2026-09-07 15:47:50,018 | INFO    | Solving tridiagonal system using TDMA
2026-09-07 15:47:50,018 | INFO    | Solution assembled (10001 total nodes)
2026-09-07 15:47:50,018 | INFO    | Convection-diffusion solution completed
2026-09-07 15:47:50,018 | INFO    | N = 10000 | dx = 1.000000e-03 | Pe_h = 50.000
2026-09-07 15:47:50,018 | INFO    | Running case N = 25000
2026-09-07 15:47:50,018 | INFO    | Discretization scheme: central_scheme_1d
2026-09-07 15:47:50,018 | INFO    | Assembling convection-diffusion system (24999 internal nodes)
2026-09-07 15:47:50,034 | INFO    | Solving tridiagonal system using TDMA
2026-09-07 15:47:50,034 | INFO    | Solution assembled (25001 total nodes)
2026-09-07 15:47:50,034 | INFO    | Convection-diffusion solution completed
2026-09-07 15:47:50,034 | INFO    | N = 25000 | dx = 4.000000e-04 | Pe_h = 20.000
2026-09-07 15:47:50,034 | INFO    | Running case N = 50000
2026-09-07 15:47:50,034 | INFO    | Discretization scheme: central_scheme_1d
2026-09-07 15:47:50,034 | INFO    | Assembling convection-diffusion system (49999 internal nodes)
2026-09-07 15:47:50,034 | INFO    | Solving tridiagonal system using TDMA
2026-09-07 15:47:50,034 | INFO    | Solution assembled (50001 total nodes)
2026-09-07 15:47:50,034 | INFO    | Convection-diffusion solution completed
2026-09-07 15:47:50,034 | INFO    | N = 50000 | dx = 2.000000e-04 | Pe_h = 10.000
2026-09-07 15:47:50,034 | INFO    | Running case N = 100000
2026-09-07 15:47:50,050 | INFO    | Discretization scheme: central_scheme_1d
2026-09-07 15:47:50,050 | INFO    | Assembling convection-diffusion system (99999 internal nodes)
2026-09-07 15:47:50,050 | INFO    | Solving tridiagonal system using TDMA
2026-09-07 15:47:50,050 | INFO    | Solution assembled (100001 total nodes)
2026-09-07 15:47:50,050 | INFO    | Convection-diffusion solution completed
2026-09-07 15:47:50,050 | INFO    | N = 100000 | dx = 1.000000e-04 | Pe_h = 5.000
2026-09-07 15:47:50,050 | INFO    | Running case N = 200000
2026-09-07 15:47:50,065 | INFO    | Discretization scheme: central_scheme_1d
2026-09-07 15:47:50,065 | INFO    | Assembling convection-diffusion system (199999 internal nodes)
2026-09-07 15:47:50,065 | INFO    | Solving tridiagonal system using TDMA
2026-09-07 15:47:50,083 | INFO    | Solution assembled (200001 total nodes)
2026-09-07 15:47:50,084 | INFO    | Convection-diffusion solution completed
2026-09-07 15:47:50,084 | INFO    | N = 200000 | dx = 5.000000e-05 | Pe_h = 2.500
2026-09-07 15:47:50,087 | INFO    | Running case N = 225000
2026-09-07 15:47:50,088 | INFO    | Discretization scheme: central_scheme_1d
2026-09-07 15:47:50,088 | INFO    | Assembling convection-diffusion system (224999 internal nodes)
2026-09-07 15:47:50,104 | INFO    | Solving tridiagonal system using TDMA
2026-09-07 15:47:50,110 | INFO    | Solution assembled (225001 total nodes)
2026-09-07 15:47:50,111 | INFO    | Convection-diffusion solution completed
2026-09-07 15:47:50,112 | INFO    | N = 225000 | dx = 4.444444e-05 | Pe_h = 2.222
2026-09-07 15:47:50,112 | INFO    | Running case N = 250000
2026-09-07 15:47:50,117 | INFO    | Discretization scheme: central_scheme_1d
2026-09-07 15:47:50,117 | INFO    | Assembling convection-diffusion system (249999 internal nodes)
2026-09-07 15:47:50,133 | INFO    | Solving tridiagonal system using TDMA
2026-09-07 15:47:50,141 | INFO    | Solution assembled (250001 total nodes)
2026-09-07 15:47:50,141 | INFO    | Convection-diffusion solution completed
2026-09-07 15:47:50,142 | INFO    | N = 250000 | dx = 4.000000e-05 | Pe_h = 2.000
2026-09-07 15:47:50,146 | INFO    | Running case N = 500000
2026-09-07 15:47:50,148 | INFO    | Discretization scheme: central_scheme_1d
2026-09-07 15:47:50,149 | INFO    | Assembling convection-diffusion system (499999 internal nodes)
2026-09-07 15:47:50,177 | INFO    | Solving tridiagonal system using TDMA
2026-09-07 15:47:50,193 | INFO    | Solution assembled (500001 total nodes)
2026-09-07 15:47:50,193 | INFO    | Convection-diffusion solution completed
2026-09-07 15:47:50,193 | INFO    | N = 500000 | dx = 2.000000e-05 | Pe_h = 1.000
2026-09-07 15:47:50,193 | INFO    | Running case N = 1000000
2026-09-07 15:47:50,193 | INFO    | Discretization scheme: central_scheme_1d
2026-09-07 15:47:50,193 | INFO    | Assembling convection-diffusion system (999999 internal nodes)
2026-09-07 15:47:50,271 | INFO    | Solving tridiagonal system using TDMA
2026-09-07 15:47:50,290 | INFO    | Solution assembled (1000001 total nodes)
2026-09-07 15:47:50,290 | INFO    | Convection-diffusion solution completed
2026-09-07 15:47:50,305 | INFO    | N = 1000000 | dx = 1.000000e-05 | Pe_h = 0.500
2026-09-07 15:47:51,140 | INFO    | Solution figure saved
2026-09-07 15:47:51,195 | INFO    | Average slope before Pe_h=2 : -1.910
2026-09-07 15:47:51,195 | INFO    | Average slope after  Pe_h=2 : -2.090
2026-09-07 15:47:51,196 | INFO    | First slope near -2 at N = 10000 (slope = -1.951)
2026-09-07 15:47:51,631 | INFO    | Error convergence figure saved
2026-09-07 15:47:51,635 | INFO    | Data saved
2026-09-07 15:47:51,635 | INFO    | Successful cases = 10/10
2026-09-07 15:47:51,635 | INFO    | Simulation completed successfully
2026-09-07 15:47:51,636 | INFO    | ============================================================
2026-09-07 15:47:51,636 | INFO    | PRAC1_WIGGLES_EX2C FINISHED
2026-09-07 15:47:51,636 | INFO    | ============================================================
