2026-09-07 15:09:11,307 | INFO    | ============================================================
2026-09-07 15:09:11,309 | INFO    | STARTING PRAC1_UPWIND_BOUNDARY_LAYER_EX2B
2026-09-07 15:09:11,309 | INFO    | ============================================================
2026-09-07 15:09:11,309 | INFO    | Log file: results\prac1_upwind_boundary_layer_ex2b\logs\prac1_upwind_boundary_layer_ex2b_20260907_150911.log
2026-09-07 15:09:11,310 | INFO    | Starting simulation
2026-09-07 15:09:11,310 | INFO    | L = 10.000
2026-09-07 15:09:11,310 | INFO    | U = 50.000
2026-09-07 15:09:11,311 | INFO    | k = 1.000000e-03
2026-09-07 15:09:11,312 | INFO    | Running 10 mesh cases
2026-09-07 15:09:11,312 | INFO    | Running case N = 100
2026-09-07 15:09:11,315 | INFO    | Discretization scheme: upwind_scheme_1d
2026-09-07 15:09:11,315 | INFO    | Assembling convection-diffusion system (99 internal nodes)
2026-09-07 15:09:11,319 | INFO    | Solving tridiagonal system using TDMA
2026-09-07 15:09:11,320 | INFO    | Solution assembled (101 total nodes)
2026-09-07 15:09:11,320 | INFO    | Convection-diffusion solution completed
2026-09-07 15:09:11,322 | INFO    | N=100 | h=1.000000e-01 | delta_num=0.000000e+00 | delta_theory=5.002000e-02
2026-09-07 15:09:11,323 | INFO    | Running case N = 250
2026-09-07 15:09:11,324 | INFO    | Discretization scheme: upwind_scheme_1d
2026-09-07 15:09:11,324 | INFO    | Assembling convection-diffusion system (249 internal nodes)
2026-09-07 15:09:11,324 | INFO    | Solving tridiagonal system using TDMA
2026-09-07 15:09:11,324 | INFO    | Solution assembled (251 total nodes)
2026-09-07 15:09:11,324 | INFO    | Convection-diffusion solution completed
2026-09-07 15:09:11,325 | INFO    | N=250 | h=4.000000e-02 | delta_num=0.000000e+00 | delta_theory=2.002000e-02
2026-09-07 15:09:11,325 | INFO    | Running case N = 500
2026-09-07 15:09:11,325 | INFO    | Discretization scheme: upwind_scheme_1d
2026-09-07 15:09:11,325 | INFO    | Assembling convection-diffusion system (499 internal nodes)
2026-09-07 15:09:11,325 | INFO    | Solving tridiagonal system using TDMA
2026-09-07 15:09:11,326 | INFO    | Solution assembled (501 total nodes)
2026-09-07 15:09:11,326 | INFO    | Convection-diffusion solution completed
2026-09-07 15:09:11,326 | INFO    | N=500 | h=2.000000e-02 | delta_num=0.000000e+00 | delta_theory=1.002000e-02
2026-09-07 15:09:11,326 | INFO    | Running case N = 1000
2026-09-07 15:09:11,326 | INFO    | Discretization scheme: upwind_scheme_1d
2026-09-07 15:09:11,326 | INFO    | Assembling convection-diffusion system (999 internal nodes)
2026-09-07 15:09:11,327 | INFO    | Solving tridiagonal system using TDMA
2026-09-07 15:09:11,327 | INFO    | Solution assembled (1001 total nodes)
2026-09-07 15:09:11,327 | INFO    | Convection-diffusion solution completed
2026-09-07 15:09:11,327 | INFO    | N=1000 | h=1.000000e-02 | delta_num=0.000000e+00 | delta_theory=5.020000e-03
2026-09-07 15:09:11,328 | INFO    | Running case N = 2500
2026-09-07 15:09:11,328 | INFO    | Discretization scheme: upwind_scheme_1d
2026-09-07 15:09:11,328 | INFO    | Assembling convection-diffusion system (2499 internal nodes)
2026-09-07 15:09:11,329 | INFO    | Solving tridiagonal system using TDMA
2026-09-07 15:09:11,329 | INFO    | Solution assembled (2501 total nodes)
2026-09-07 15:09:11,329 | INFO    | Convection-diffusion solution completed
2026-09-07 15:09:11,331 | INFO    | N=2500 | h=4.000000e-03 | delta_num=0.000000e+00 | delta_theory=2.020000e-03
2026-09-07 15:09:11,331 | INFO    | Running case N = 5000
2026-09-07 15:09:11,331 | INFO    | Discretization scheme: upwind_scheme_1d
2026-09-07 15:09:11,331 | INFO    | Assembling convection-diffusion system (4999 internal nodes)
2026-09-07 15:09:11,332 | INFO    | Solving tridiagonal system using TDMA
2026-09-07 15:09:11,332 | INFO    | Solution assembled (5001 total nodes)
2026-09-07 15:09:11,332 | INFO    | Convection-diffusion solution completed
2026-09-07 15:09:11,332 | INFO    | N=5000 | h=2.000000e-03 | delta_num=0.000000e+00 | delta_theory=1.020000e-03
2026-09-07 15:09:11,333 | INFO    | Running case N = 10000
2026-09-07 15:09:11,333 | INFO    | Discretization scheme: upwind_scheme_1d
2026-09-07 15:09:11,333 | INFO    | Assembling convection-diffusion system (9999 internal nodes)
2026-09-07 15:09:11,334 | INFO    | Solving tridiagonal system using TDMA
2026-09-07 15:09:11,334 | INFO    | Solution assembled (10001 total nodes)
2026-09-07 15:09:11,334 | INFO    | Convection-diffusion solution completed
2026-09-07 15:09:11,335 | INFO    | N=10000 | h=1.000000e-03 | delta_num=0.000000e+00 | delta_theory=5.200000e-04
2026-09-07 15:09:11,335 | INFO    | Running case N = 25000
2026-09-07 15:09:11,335 | INFO    | Discretization scheme: upwind_scheme_1d
2026-09-07 15:09:11,335 | INFO    | Assembling convection-diffusion system (24999 internal nodes)
2026-09-07 15:09:11,337 | INFO    | Solving tridiagonal system using TDMA
2026-09-07 15:09:11,339 | INFO    | Solution assembled (25001 total nodes)
2026-09-07 15:09:11,339 | INFO    | Convection-diffusion solution completed
2026-09-07 15:09:11,339 | INFO    | N=25000 | h=4.000000e-04 | delta_num=0.000000e+00 | delta_theory=2.200000e-04
2026-09-07 15:09:11,339 | INFO    | Running case N = 50000
2026-09-07 15:09:11,339 | INFO    | Discretization scheme: upwind_scheme_1d
2026-09-07 15:09:11,339 | INFO    | Assembling convection-diffusion system (49999 internal nodes)
2026-09-07 15:09:11,343 | INFO    | Solving tridiagonal system using TDMA
2026-09-07 15:09:11,344 | INFO    | Solution assembled (50001 total nodes)
2026-09-07 15:09:11,345 | INFO    | Convection-diffusion solution completed
2026-09-07 15:09:11,345 | INFO    | N=50000 | h=2.000000e-04 | delta_num=0.000000e+00 | delta_theory=1.200000e-04
2026-09-07 15:09:11,345 | INFO    | Running case N = 100000
2026-09-07 15:09:11,346 | INFO    | Discretization scheme: upwind_scheme_1d
2026-09-07 15:09:11,346 | INFO    | Assembling convection-diffusion system (99999 internal nodes)
2026-09-07 15:09:11,353 | INFO    | Solving tridiagonal system using TDMA
2026-09-07 15:09:11,355 | INFO    | Solution assembled (100001 total nodes)
2026-09-07 15:09:11,355 | INFO    | Convection-diffusion solution completed
2026-09-07 15:09:11,357 | INFO    | N=100000 | h=1.000000e-04 | delta_num=0.000000e+00 | delta_theory=7.000000e-05
2026-09-07 15:09:12,266 | INFO    | Boundary-layer figure saved
2026-09-07 15:09:12,292 | INFO    | Observed slope = 0.962
2026-09-07 15:09:12,903 | INFO    | Error figure saved
2026-09-07 15:09:12,908 | INFO    | Data saved
2026-09-07 15:09:13,123 | INFO    | Simulation completed successfully
2026-09-07 15:09:13,123 | INFO    | ============================================================
2026-09-07 15:09:13,123 | INFO    | PRAC1_UPWIND_BOUNDARY_LAYER_EX2B FINISHED
2026-09-07 15:09:13,123 | INFO    | ============================================================
