2026-09-18 11:11:21,861 | INFO    | ============================================================
2026-09-18 11:11:21,861 | INFO    | STARTING B3_LOCAL_ORDER
2026-09-18 11:11:21,861 | INFO    | ============================================================
2026-09-18 11:11:21,861 | INFO    | Log file: results\b3_local_order\logs\b3_local_order_20260918_111121.log
2026-09-18 11:11:21,862 | INFO    | Starting B3 local order study
2026-09-18 11:11:21,862 | INFO    | Running N=20
2026-09-18 11:11:21,864 | INFO    | h     = 5.000000e-02
2026-09-18 11:11:21,864 | INFO    | Error = 8.433128e-04
2026-09-18 11:11:21,865 | INFO    | Running N=40
2026-09-18 11:11:21,866 | INFO    | h     = 2.500000e-02
2026-09-18 11:11:21,866 | INFO    | Error = 2.137106e-04
2026-09-18 11:11:21,866 | INFO    | Running N=80
2026-09-18 11:11:21,866 | INFO    | h     = 1.250000e-02
2026-09-18 11:11:21,867 | INFO    | Error = 5.379835e-05
2026-09-18 11:11:21,867 | INFO    | Running N=160
2026-09-18 11:11:21,867 | INFO    | h     = 6.250000e-03
2026-09-18 11:11:21,867 | INFO    | Error = 1.349659e-05
2026-09-18 11:11:21,868 | INFO    | Running N=320
2026-09-18 11:11:21,869 | INFO    | h     = 3.125000e-03
2026-09-18 11:11:21,869 | INFO    | Error = 3.380062e-06
2026-09-18 11:11:21,869 | INFO    | Running N=640
2026-09-18 11:11:21,869 | INFO    | h     = 1.562500e-03
2026-09-18 11:11:21,869 | INFO    | Error = 8.457577e-07
2026-09-18 11:11:21,873 | INFO    | Observed order = 1.997058
2026-09-18 11:11:22,476 | INFO    | Study completed
2026-09-18 11:11:22,476 | INFO    | ============================================================
2026-09-18 11:11:22,476 | INFO    | B3_LOCAL_ORDER FINISHED
2026-09-18 11:11:22,477 | INFO    | ============================================================
