2026-09-18 11:28:39,392 | INFO    | ============================================================
2026-09-18 11:28:39,392 | INFO    | STARTING METHODA_ACCURACY_EIGENVALUES
2026-09-18 11:28:39,392 | INFO    | ============================================================
2026-09-18 11:28:39,392 | INFO    | Log file: results\methodA_accuracy_eigenvalues\logs\methodA_accuracy_eigenvalues_20260918_112839.log
2026-09-18 11:28:39,393 | INFO    | Starting Method A study
2026-09-18 11:28:39,427 | INFO    | ================================================
2026-09-18 11:28:39,427 | INFO    | Stretch ratio h+/h- = 0.95
2026-09-18 11:28:39,427 | INFO    | Discretization scheme: convection_methodA_1d
2026-09-18 11:28:39,427 | INFO    | Assembling convection-diffusion system (49 internal nodes)
2026-09-18 11:28:39,427 | INFO    | Tridiagonal stencil detected -> using TDMA
2026-09-18 11:28:39,427 | INFO    | Solution assembled (51 total nodes)
2026-09-18 11:28:39,427 | INFO    | Convection-diffusion solution completed
2026-09-18 11:28:39,427 | INFO    | L2 error = 2.244571e-02
2026-09-18 11:28:39,427 | INFO    | Minimum Re(lambda) = 4.880767e+00
2026-09-18 11:28:39,442 | INFO    | ================================================
2026-09-18 11:28:39,442 | INFO    | Stretch ratio h+/h- = 0.70
2026-09-18 11:28:39,442 | INFO    | Discretization scheme: convection_methodA_1d
2026-09-18 11:28:39,442 | INFO    | Assembling convection-diffusion system (49 internal nodes)
2026-09-18 11:28:39,442 | INFO    | Tridiagonal stencil detected -> using TDMA
2026-09-18 11:28:39,442 | INFO    | Solution assembled (51 total nodes)
2026-09-18 11:28:39,442 | INFO    | Convection-diffusion solution completed
2026-09-18 11:28:39,442 | INFO    | L2 error = 1.751571e+00
2026-09-18 11:28:39,442 | INFO    | Minimum Re(lambda) = -1.717186e+00
2026-09-18 11:28:39,458 | INFO    | ================================================
2026-09-18 11:28:39,458 | INFO    | Stretch ratio h+/h- = 0.50
2026-09-18 11:28:39,458 | INFO    | Discretization scheme: convection_methodA_1d
2026-09-18 11:28:39,458 | INFO    | Assembling convection-diffusion system (49 internal nodes)
2026-09-18 11:28:39,469 | INFO    | Tridiagonal stencil detected -> using TDMA
2026-09-18 11:28:39,469 | INFO    | Solution assembled (51 total nodes)
2026-09-18 11:28:39,469 | INFO    | Convection-diffusion solution completed
2026-09-18 11:28:39,469 | INFO    | L2 error = 2.552392e+00
2026-09-18 11:28:39,469 | INFO    | Minimum Re(lambda) = -2.008814e+01
2026-09-18 11:28:40,486 | INFO    | Study completed successfully
2026-09-18 11:28:40,487 | INFO    | ============================================================
2026-09-18 11:28:40,487 | INFO    | METHODA_ACCURACY_EIGENVALUES FINISHED
2026-09-18 11:28:40,487 | INFO    | ============================================================
