2026-09-18 11:28:58,714 | INFO    | ============================================================
2026-09-18 11:28:58,715 | INFO    | STARTING METHODA_ACCURACY_EIGENVALUES
2026-09-18 11:28:58,715 | INFO    | ============================================================
2026-09-18 11:28:58,715 | INFO    | Log file: results\methodA_accuracy_eigenvalues\logs\methodA_accuracy_eigenvalues_20260918_112858.log
2026-09-18 11:28:58,716 | INFO    | Starting Method A study
2026-09-18 11:28:58,751 | INFO    | ================================================
2026-09-18 11:28:58,752 | INFO    | Stretch ratio h+/h- = 0.95
2026-09-18 11:28:58,752 | INFO    | Discretization scheme: convection_methodA_1d
2026-09-18 11:28:58,752 | INFO    | Assembling convection-diffusion system (49 internal nodes)
2026-09-18 11:28:58,752 | INFO    | Tridiagonal stencil detected -> using TDMA
2026-09-18 11:28:58,752 | INFO    | Solution assembled (51 total nodes)
2026-09-18 11:28:58,752 | INFO    | Convection-diffusion solution completed
2026-09-18 11:28:58,752 | INFO    | L2 error = 2.244571e-02
2026-09-18 11:28:58,752 | INFO    | Minimum Re(lambda) = 4.880767e+00
2026-09-18 11:28:58,763 | INFO    | ================================================
2026-09-18 11:28:58,763 | INFO    | Stretch ratio h+/h- = 0.70
2026-09-18 11:28:58,763 | INFO    | Discretization scheme: convection_methodA_1d
2026-09-18 11:28:58,763 | INFO    | Assembling convection-diffusion system (49 internal nodes)
2026-09-18 11:28:58,773 | INFO    | Tridiagonal stencil detected -> using TDMA
2026-09-18 11:28:58,773 | INFO    | Solution assembled (51 total nodes)
2026-09-18 11:28:58,773 | INFO    | Convection-diffusion solution completed
2026-09-18 11:28:58,773 | INFO    | L2 error = 1.751571e+00
2026-09-18 11:28:58,773 | INFO    | Minimum Re(lambda) = -1.717186e+00
2026-09-18 11:28:58,783 | INFO    | ================================================
2026-09-18 11:28:58,783 | INFO    | Stretch ratio h+/h- = 0.50
2026-09-18 11:28:58,783 | INFO    | Discretization scheme: convection_methodA_1d
2026-09-18 11:28:58,783 | INFO    | Assembling convection-diffusion system (49 internal nodes)
2026-09-18 11:28:58,783 | INFO    | Tridiagonal stencil detected -> using TDMA
2026-09-18 11:28:58,783 | INFO    | Solution assembled (51 total nodes)
2026-09-18 11:28:58,783 | INFO    | Convection-diffusion solution completed
2026-09-18 11:28:58,783 | INFO    | L2 error = 2.552392e+00
2026-09-18 11:28:58,783 | INFO    | Minimum Re(lambda) = -2.008814e+01
2026-09-18 11:28:59,975 | INFO    | Study completed successfully
2026-09-18 11:28:59,976 | INFO    | ============================================================
2026-09-18 11:28:59,976 | INFO    | METHODA_ACCURACY_EIGENVALUES FINISHED
2026-09-18 11:28:59,976 | INFO    | ============================================================
