2026-09-07 17:38:13,279 | INFO    | ============================================================
2026-09-07 17:38:13,280 | INFO    | STARTING PRAC1_WIGGLES_EX3
2026-09-07 17:38:13,280 | INFO    | ============================================================
2026-09-07 17:38:13,280 | INFO    | Log file: results\prac1_wiggles_ex3\logs\prac1_wiggles_ex3_20260907_173813.log
2026-09-07 17:38:13,280 | INFO    | Starting simulation
2026-09-07 17:38:13,281 | INFO    | Critical cell Peclet criterion: Pe_h <= 2
2026-09-07 17:38:13,281 | INFO    | Theoretical critical N = 250
2026-09-07 17:38:13,298 | INFO    | Running case N = 5000
2026-09-07 17:38:13,298 | INFO    | Discretization scheme: central_scheme_1d
2026-09-07 17:38:13,298 | INFO    | Assembling convection-diffusion system (4999 internal nodes)
2026-09-07 17:38:13,300 | INFO    | Solving tridiagonal system using TDMA
2026-09-07 17:38:13,300 | INFO    | Solution assembled (5001 total nodes)
2026-09-07 17:38:13,300 | INFO    | Convection-diffusion solution completed
2026-09-07 17:38:13,301 | INFO    | N = 5000 | dx = 2.000000e-03 | Pe_h = 0.100
2026-09-07 17:38:13,303 | INFO    | Running case N = 10000
2026-09-07 17:38:13,304 | INFO    | Discretization scheme: central_scheme_1d
2026-09-07 17:38:13,304 | INFO    | Assembling convection-diffusion system (9999 internal nodes)
2026-09-07 17:38:13,304 | INFO    | Solving tridiagonal system using TDMA
2026-09-07 17:38:13,304 | INFO    | Solution assembled (10001 total nodes)
2026-09-07 17:38:13,304 | INFO    | Convection-diffusion solution completed
2026-09-07 17:38:13,305 | INFO    | N = 10000 | dx = 1.000000e-03 | Pe_h = 0.050
2026-09-07 17:38:13,307 | INFO    | Running case N = 25000
2026-09-07 17:38:13,307 | INFO    | Discretization scheme: central_scheme_1d
2026-09-07 17:38:13,309 | INFO    | Assembling convection-diffusion system (24999 internal nodes)
2026-09-07 17:38:13,309 | INFO    | Solving tridiagonal system using TDMA
2026-09-07 17:38:13,309 | INFO    | Solution assembled (25001 total nodes)
2026-09-07 17:38:13,309 | INFO    | Convection-diffusion solution completed
2026-09-07 17:38:13,309 | INFO    | N = 25000 | dx = 4.000000e-04 | Pe_h = 0.020
2026-09-07 17:38:13,309 | INFO    | Running case N = 50000
2026-09-07 17:38:13,309 | INFO    | Discretization scheme: central_scheme_1d
2026-09-07 17:38:13,309 | INFO    | Assembling convection-diffusion system (49999 internal nodes)
2026-09-07 17:38:13,309 | INFO    | Solving tridiagonal system using TDMA
2026-09-07 17:38:13,320 | INFO    | Solution assembled (50001 total nodes)
2026-09-07 17:38:13,320 | INFO    | Convection-diffusion solution completed
2026-09-07 17:38:13,320 | INFO    | N = 50000 | dx = 2.000000e-04 | Pe_h = 0.010
2026-09-07 17:38:13,320 | INFO    | Running case N = 100000
2026-09-07 17:38:13,320 | INFO    | Discretization scheme: central_scheme_1d
2026-09-07 17:38:13,320 | INFO    | Assembling convection-diffusion system (99999 internal nodes)
2026-09-07 17:38:13,330 | INFO    | Solving tridiagonal system using TDMA
2026-09-07 17:38:13,330 | INFO    | Solution assembled (100001 total nodes)
2026-09-07 17:38:13,330 | INFO    | Convection-diffusion solution completed
2026-09-07 17:38:13,330 | INFO    | N = 100000 | dx = 1.000000e-04 | Pe_h = 0.005
2026-09-07 17:38:13,330 | INFO    | Running case N = 200000
2026-09-07 17:38:13,330 | INFO    | Discretization scheme: central_scheme_1d
2026-09-07 17:38:13,330 | INFO    | Assembling convection-diffusion system (199999 internal nodes)
2026-09-07 17:38:13,350 | INFO    | Solving tridiagonal system using TDMA
2026-09-07 17:38:13,350 | INFO    | Solution assembled (200001 total nodes)
2026-09-07 17:38:13,350 | INFO    | Convection-diffusion solution completed
2026-09-07 17:38:13,350 | INFO    | N = 200000 | dx = 5.000000e-05 | Pe_h = 0.003
2026-09-07 17:38:13,350 | INFO    | Running case N = 225000
2026-09-07 17:38:13,360 | INFO    | Discretization scheme: central_scheme_1d
2026-09-07 17:38:13,360 | INFO    | Assembling convection-diffusion system (224999 internal nodes)
2026-09-07 17:38:13,370 | INFO    | Solving tridiagonal system using TDMA
2026-09-07 17:38:13,384 | INFO    | Solution assembled (225001 total nodes)
2026-09-07 17:38:13,385 | INFO    | Convection-diffusion solution completed
2026-09-07 17:38:13,385 | INFO    | N = 225000 | dx = 4.444444e-05 | Pe_h = 0.002
2026-09-07 17:38:13,388 | INFO    | Running case N = 250000
2026-09-07 17:38:13,389 | INFO    | Discretization scheme: central_scheme_1d
2026-09-07 17:38:13,390 | INFO    | Assembling convection-diffusion system (249999 internal nodes)
2026-09-07 17:38:13,409 | INFO    | Solving tridiagonal system using TDMA
2026-09-07 17:38:13,417 | INFO    | Solution assembled (250001 total nodes)
2026-09-07 17:38:13,418 | INFO    | Convection-diffusion solution completed
2026-09-07 17:38:13,419 | INFO    | N = 250000 | dx = 4.000000e-05 | Pe_h = 0.002
2026-09-07 17:38:13,422 | INFO    | Running case N = 500000
2026-09-07 17:38:13,425 | INFO    | Discretization scheme: central_scheme_1d
2026-09-07 17:38:13,425 | INFO    | Assembling convection-diffusion system (499999 internal nodes)
2026-09-07 17:38:13,461 | INFO    | Solving tridiagonal system using TDMA
2026-09-07 17:38:13,475 | INFO    | Solution assembled (500001 total nodes)
2026-09-07 17:38:13,475 | INFO    | Convection-diffusion solution completed
2026-09-07 17:38:13,475 | INFO    | N = 500000 | dx = 2.000000e-05 | Pe_h = 0.001
2026-09-07 17:38:13,475 | INFO    | Running case N = 1000000
2026-09-07 17:38:13,475 | INFO    | Discretization scheme: central_scheme_1d
2026-09-07 17:38:13,475 | INFO    | Assembling convection-diffusion system (999999 internal nodes)
2026-09-07 17:38:13,546 | INFO    | Solving tridiagonal system using TDMA
2026-09-07 17:38:13,574 | INFO    | Solution assembled (1000001 total nodes)
2026-09-07 17:38:13,574 | INFO    | Convection-diffusion solution completed
2026-09-07 17:38:13,579 | INFO    | N = 1000000 | dx = 1.000000e-05 | Pe_h = 0.001
2026-09-07 17:38:14,560 | INFO    | Solution figure saved
2026-09-07 17:38:14,579 | INFO    | Convergence errors:
2026-09-07 17:38:14,580 | INFO    | N = 5000 | Error = 3.729660e-04
2026-09-07 17:38:14,580 | INFO    | N = 10000 | Error = 9.318521e-05
2026-09-07 17:38:14,580 | INFO    | N = 25000 | Error = 1.490734e-05
2026-09-07 17:38:14,580 | INFO    | N = 50000 | Error = 3.726775e-06
2026-09-07 17:38:14,581 | INFO    | N = 100000 | Error = 9.316915e-07
2026-09-07 17:38:14,581 | INFO    | N = 200000 | Error = 2.329174e-07
2026-09-07 17:38:14,581 | INFO    | N = 225000 | Error = 1.840327e-07
2026-09-07 17:38:14,581 | INFO    | N = 250000 | Error = 1.490658e-07
2026-09-07 17:38:14,581 | INFO    | N = 500000 | Error = 3.724821e-08
2026-09-07 17:38:14,581 | INFO    | N = 1000000 | Error = 9.216120e-09
2026-09-07 17:38:14,582 | INFO    | Average convergence slope = -2.002
2026-09-07 17:38:15,205 | INFO    | Error convergence figure saved
2026-09-07 17:38:15,208 | INFO    | Data saved
2026-09-07 17:38:15,210 | INFO    | Successful cases = 10/10
2026-09-07 17:38:15,210 | INFO    | Simulation completed successfully
2026-09-07 17:38:15,210 | INFO    | ============================================================
2026-09-07 17:38:15,210 | INFO    | PRAC1_WIGGLES_EX3 FINISHED
2026-09-07 17:38:15,211 | INFO    | ============================================================
