2026-09-07 14:25:22,073 | INFO    | ============================================================
2026-09-07 14:25:22,073 | INFO    | STARTING PRAC1_WIGGLES_EX2A
2026-09-07 14:25:22,073 | INFO    | ============================================================
2026-09-07 14:25:22,073 | INFO    | Log file: results\prac1_wiggles_ex2a\logs\prac1_wiggles_ex2a_20260907_142522.log
2026-09-07 14:25:22,093 | INFO    | Starting simulation
2026-09-07 14:25:22,093 | INFO    | Critical cell Peclet criterion: Pe_h <= 2
2026-09-07 14:25:22,093 | INFO    | Theoretical critical N = 250000
2026-09-07 14:25:22,611 | INFO    | Running case N = 5000
2026-09-07 14:25:22,618 | INFO    | Discretization scheme: central_scheme_1d
2026-09-07 14:25:22,618 | INFO    | Assembling convection-diffusion system (4999 internal nodes)
2026-09-07 14:25:22,621 | INFO    | Solving tridiagonal system using TDMA
2026-09-07 14:25:22,623 | INFO    | Solution assembled (5001 total nodes)
2026-09-07 14:25:22,625 | INFO    | Convection-diffusion solution completed
2026-09-07 14:25:22,625 | INFO    | N = 5000 | dx = 2.000000e-03 | Pe_h = 100.000
2026-09-07 14:25:22,719 | INFO    | Running case N = 10000
2026-09-07 14:25:22,722 | INFO    | Discretization scheme: central_scheme_1d
2026-09-07 14:25:22,722 | INFO    | Assembling convection-diffusion system (9999 internal nodes)
2026-09-07 14:25:22,723 | INFO    | Solving tridiagonal system using TDMA
2026-09-07 14:25:22,724 | INFO    | Solution assembled (10001 total nodes)
2026-09-07 14:25:22,724 | INFO    | Convection-diffusion solution completed
2026-09-07 14:25:22,725 | INFO    | N = 10000 | dx = 1.000000e-03 | Pe_h = 50.000
2026-09-07 14:25:22,729 | INFO    | Running case N = 25000
2026-09-07 14:25:22,730 | INFO    | Discretization scheme: central_scheme_1d
2026-09-07 14:25:22,730 | INFO    | Assembling convection-diffusion system (24999 internal nodes)
2026-09-07 14:25:22,733 | INFO    | Solving tridiagonal system using TDMA
2026-09-07 14:25:22,734 | INFO    | Solution assembled (25001 total nodes)
2026-09-07 14:25:22,734 | INFO    | Convection-diffusion solution completed
2026-09-07 14:25:22,734 | INFO    | N = 25000 | dx = 4.000000e-04 | Pe_h = 20.000
2026-09-07 14:25:22,736 | INFO    | Running case N = 50000
2026-09-07 14:25:22,737 | INFO    | Discretization scheme: central_scheme_1d
2026-09-07 14:25:22,737 | INFO    | Assembling convection-diffusion system (49999 internal nodes)
2026-09-07 14:25:22,740 | INFO    | Solving tridiagonal system using TDMA
2026-09-07 14:25:22,742 | INFO    | Solution assembled (50001 total nodes)
2026-09-07 14:25:22,742 | INFO    | Convection-diffusion solution completed
2026-09-07 14:25:22,742 | INFO    | N = 50000 | dx = 2.000000e-04 | Pe_h = 10.000
2026-09-07 14:25:22,745 | INFO    | Running case N = 100000
2026-09-07 14:25:22,748 | INFO    | Discretization scheme: central_scheme_1d
2026-09-07 14:25:22,748 | INFO    | Assembling convection-diffusion system (99999 internal nodes)
2026-09-07 14:25:22,755 | INFO    | Solving tridiagonal system using TDMA
2026-09-07 14:25:22,760 | INFO    | Solution assembled (100001 total nodes)
2026-09-07 14:25:22,760 | INFO    | Convection-diffusion solution completed
2026-09-07 14:25:22,761 | INFO    | N = 100000 | dx = 1.000000e-04 | Pe_h = 5.000
2026-09-07 14:25:22,767 | INFO    | Running case N = 200000
2026-09-07 14:25:22,769 | INFO    | Discretization scheme: central_scheme_1d
2026-09-07 14:25:22,769 | INFO    | Assembling convection-diffusion system (199999 internal nodes)
2026-09-07 14:25:22,781 | INFO    | Solving tridiagonal system using TDMA
2026-09-07 14:25:22,786 | INFO    | Solution assembled (200001 total nodes)
2026-09-07 14:25:22,786 | INFO    | Convection-diffusion solution completed
2026-09-07 14:25:22,786 | INFO    | N = 200000 | dx = 5.000000e-05 | Pe_h = 2.500
2026-09-07 14:25:22,788 | INFO    | Running case N = 225000
2026-09-07 14:25:22,790 | INFO    | Discretization scheme: central_scheme_1d
2026-09-07 14:25:22,790 | INFO    | Assembling convection-diffusion system (224999 internal nodes)
2026-09-07 14:25:22,803 | INFO    | Solving tridiagonal system using TDMA
2026-09-07 14:25:22,809 | INFO    | Solution assembled (225001 total nodes)
2026-09-07 14:25:22,809 | INFO    | Convection-diffusion solution completed
2026-09-07 14:25:22,809 | INFO    | N = 225000 | dx = 4.444444e-05 | Pe_h = 2.222
2026-09-07 14:25:22,812 | INFO    | Running case N = 250000
2026-09-07 14:25:22,813 | INFO    | Discretization scheme: central_scheme_1d
2026-09-07 14:25:22,813 | INFO    | Assembling convection-diffusion system (249999 internal nodes)
2026-09-07 14:25:22,828 | INFO    | Solving tridiagonal system using TDMA
2026-09-07 14:25:22,834 | INFO    | Solution assembled (250001 total nodes)
2026-09-07 14:25:22,834 | INFO    | Convection-diffusion solution completed
2026-09-07 14:25:22,835 | INFO    | N = 250000 | dx = 4.000000e-05 | Pe_h = 2.000
2026-09-07 14:25:22,838 | INFO    | Running case N = 500000
2026-09-07 14:25:22,840 | INFO    | Discretization scheme: central_scheme_1d
2026-09-07 14:25:22,840 | INFO    | Assembling convection-diffusion system (499999 internal nodes)
2026-09-07 14:25:22,869 | INFO    | Solving tridiagonal system using TDMA
2026-09-07 14:25:22,882 | INFO    | Solution assembled (500001 total nodes)
2026-09-07 14:25:22,882 | INFO    | Convection-diffusion solution completed
2026-09-07 14:25:22,882 | INFO    | N = 500000 | dx = 2.000000e-05 | Pe_h = 1.000
2026-09-07 14:25:22,887 | INFO    | Running case N = 1000000
2026-09-07 14:25:22,890 | INFO    | Discretization scheme: central_scheme_1d
2026-09-07 14:25:22,890 | INFO    | Assembling convection-diffusion system (999999 internal nodes)
2026-09-07 14:25:22,942 | INFO    | Solving tridiagonal system using TDMA
2026-09-07 14:25:22,976 | INFO    | Solution assembled (1000001 total nodes)
2026-09-07 14:25:22,976 | INFO    | Convection-diffusion solution completed
2026-09-07 14:25:22,979 | INFO    | N = 1000000 | dx = 1.000000e-05 | Pe_h = 0.500
2026-09-07 14:25:27,292 | INFO    | Solution figure saved
2026-09-07 14:25:27,408 | INFO    | Average slope before Pe_h=2 : -1.549
2026-09-07 14:25:27,408 | INFO    | Average slope after  Pe_h=2 : -2.434
2026-09-07 14:25:27,408 | INFO    | First slope near -2 at N = 200000 (slope = -1.844)
2026-09-07 14:25:28,800 | INFO    | Error convergence figure saved
2026-09-07 14:25:28,808 | INFO    | Data saved
2026-09-07 14:25:28,808 | INFO    | Successful cases = 10/10
2026-09-07 14:25:28,808 | INFO    | Simulation completed successfully
2026-09-07 14:25:28,810 | INFO    | ============================================================
2026-09-07 14:25:28,810 | INFO    | PRAC1_WIGGLES_EX2A FINISHED
2026-09-07 14:25:28,810 | INFO    | ============================================================
