2026-09-07 17:12:25,710 | INFO    | ============================================================
2026-09-07 17:12:25,712 | INFO    | STARTING PRAC1_WIGGLES_EX2A
2026-09-07 17:12:25,713 | INFO    | ============================================================
2026-09-07 17:12:25,713 | INFO    | Log file: results\prac1_wiggles_ex2a\logs\prac1_wiggles_ex2a_20260907_171225.log
2026-09-07 17:12:25,713 | INFO    | Starting simulation
2026-09-07 17:12:25,713 | INFO    | Critical cell Peclet criterion: Pe_h <= 2
2026-09-07 17:12:25,713 | INFO    | Theoretical critical N = 250000
2026-09-07 17:12:25,754 | INFO    | Running case N = 5000
2026-09-07 17:12:25,757 | INFO    | Discretization scheme: central_scheme_1d
2026-09-07 17:12:25,757 | INFO    | Assembling convection-diffusion system (4999 internal nodes)
2026-09-07 17:12:25,757 | INFO    | Solving tridiagonal system using TDMA
2026-09-07 17:12:25,757 | INFO    | Solution assembled (5001 total nodes)
2026-09-07 17:12:25,757 | INFO    | Convection-diffusion solution completed
2026-09-07 17:12:25,757 | INFO    | N = 5000 | dx = 2.000000e-03 | Pe_h = 100.000
2026-09-07 17:12:25,770 | INFO    | Running case N = 10000
2026-09-07 17:12:25,770 | INFO    | Discretization scheme: central_scheme_1d
2026-09-07 17:12:25,770 | INFO    | Assembling convection-diffusion system (9999 internal nodes)
2026-09-07 17:12:25,770 | INFO    | Solving tridiagonal system using TDMA
2026-09-07 17:12:25,770 | INFO    | Solution assembled (10001 total nodes)
2026-09-07 17:12:25,770 | INFO    | Convection-diffusion solution completed
2026-09-07 17:12:25,770 | INFO    | N = 10000 | dx = 1.000000e-03 | Pe_h = 50.000
2026-09-07 17:12:25,770 | INFO    | Running case N = 25000
2026-09-07 17:12:25,770 | INFO    | Discretization scheme: central_scheme_1d
2026-09-07 17:12:25,770 | INFO    | Assembling convection-diffusion system (24999 internal nodes)
2026-09-07 17:12:25,770 | INFO    | Solving tridiagonal system using TDMA
2026-09-07 17:12:25,770 | INFO    | Solution assembled (25001 total nodes)
2026-09-07 17:12:25,770 | INFO    | Convection-diffusion solution completed
2026-09-07 17:12:25,770 | INFO    | N = 25000 | dx = 4.000000e-04 | Pe_h = 20.000
2026-09-07 17:12:25,770 | INFO    | Running case N = 50000
2026-09-07 17:12:25,770 | INFO    | Discretization scheme: central_scheme_1d
2026-09-07 17:12:25,770 | INFO    | Assembling convection-diffusion system (49999 internal nodes)
2026-09-07 17:12:25,786 | INFO    | Solving tridiagonal system using TDMA
2026-09-07 17:12:25,786 | INFO    | Solution assembled (50001 total nodes)
2026-09-07 17:12:25,786 | INFO    | Convection-diffusion solution completed
2026-09-07 17:12:25,786 | INFO    | N = 50000 | dx = 2.000000e-04 | Pe_h = 10.000
2026-09-07 17:12:25,786 | INFO    | Running case N = 100000
2026-09-07 17:12:25,786 | INFO    | Discretization scheme: central_scheme_1d
2026-09-07 17:12:25,786 | INFO    | Assembling convection-diffusion system (99999 internal nodes)
2026-09-07 17:12:25,801 | INFO    | Solving tridiagonal system using TDMA
2026-09-07 17:12:25,804 | INFO    | Solution assembled (100001 total nodes)
2026-09-07 17:12:25,805 | INFO    | Convection-diffusion solution completed
2026-09-07 17:12:25,806 | INFO    | N = 100000 | dx = 1.000000e-04 | Pe_h = 5.000
2026-09-07 17:12:25,808 | INFO    | Running case N = 200000
2026-09-07 17:12:25,811 | INFO    | Discretization scheme: central_scheme_1d
2026-09-07 17:12:25,811 | INFO    | Assembling convection-diffusion system (199999 internal nodes)
2026-09-07 17:12:25,826 | INFO    | Solving tridiagonal system using TDMA
2026-09-07 17:12:25,831 | INFO    | Solution assembled (200001 total nodes)
2026-09-07 17:12:25,832 | INFO    | Convection-diffusion solution completed
2026-09-07 17:12:25,833 | INFO    | N = 200000 | dx = 5.000000e-05 | Pe_h = 2.500
2026-09-07 17:12:25,837 | INFO    | Running case N = 225000
2026-09-07 17:12:25,838 | INFO    | Discretization scheme: central_scheme_1d
2026-09-07 17:12:25,839 | INFO    | Assembling convection-diffusion system (224999 internal nodes)
2026-09-07 17:12:25,856 | INFO    | Solving tridiagonal system using TDMA
2026-09-07 17:12:25,862 | INFO    | Solution assembled (225001 total nodes)
2026-09-07 17:12:25,862 | INFO    | Convection-diffusion solution completed
2026-09-07 17:12:25,863 | INFO    | N = 225000 | dx = 4.444444e-05 | Pe_h = 2.222
2026-09-07 17:12:25,866 | INFO    | Running case N = 250000
2026-09-07 17:12:25,866 | INFO    | Discretization scheme: central_scheme_1d
2026-09-07 17:12:25,869 | INFO    | Assembling convection-diffusion system (249999 internal nodes)
2026-09-07 17:12:25,886 | INFO    | Solving tridiagonal system using TDMA
2026-09-07 17:12:25,893 | INFO    | Solution assembled (250001 total nodes)
2026-09-07 17:12:25,893 | INFO    | Convection-diffusion solution completed
2026-09-07 17:12:25,894 | INFO    | N = 250000 | dx = 4.000000e-05 | Pe_h = 2.000
2026-09-07 17:12:25,894 | INFO    | Running case N = 500000
2026-09-07 17:12:25,894 | INFO    | Discretization scheme: central_scheme_1d
2026-09-07 17:12:25,894 | INFO    | Assembling convection-diffusion system (499999 internal nodes)
2026-09-07 17:12:25,920 | INFO    | Solving tridiagonal system using TDMA
2026-09-07 17:12:25,936 | INFO    | Solution assembled (500001 total nodes)
2026-09-07 17:12:25,936 | INFO    | Convection-diffusion solution completed
2026-09-07 17:12:25,936 | INFO    | N = 500000 | dx = 2.000000e-05 | Pe_h = 1.000
2026-09-07 17:12:25,936 | INFO    | Running case N = 1000000
2026-09-07 17:12:25,936 | INFO    | Discretization scheme: central_scheme_1d
2026-09-07 17:12:25,936 | INFO    | Assembling convection-diffusion system (999999 internal nodes)
2026-09-07 17:12:25,999 | INFO    | Solving tridiagonal system using TDMA
2026-09-07 17:12:26,037 | INFO    | Solution assembled (1000001 total nodes)
2026-09-07 17:12:26,038 | INFO    | Convection-diffusion solution completed
2026-09-07 17:12:26,040 | INFO    | N = 1000000 | dx = 1.000000e-05 | Pe_h = 0.500
2026-09-07 17:12:26,921 | INFO    | Solution figure saved
2026-09-07 17:12:26,947 | INFO    | Average slope before Pe_h=2 : NaN
2026-09-07 17:12:26,948 | INFO    | Average slope after  Pe_h=2 : NaN
2026-09-07 17:12:27,444 | INFO    | Error convergence figure saved
2026-09-07 17:12:27,447 | INFO    | Data saved
2026-09-07 17:12:27,448 | INFO    | Successful cases = 10/10
2026-09-07 17:12:27,448 | INFO    | Simulation completed successfully
2026-09-07 17:12:27,449 | INFO    | ============================================================
2026-09-07 17:12:27,449 | INFO    | PRAC1_WIGGLES_EX2A FINISHED
2026-09-07 17:12:27,449 | INFO    | ============================================================
